19:52:33 **** Clean-only build of configuration Debug for project IHopethatisthefinalversion ****
make clean 
rm -rf  ./src/KeyboardAdded.d ./src/Rectangle.d ./src/main.d  ./src/KeyboardAdded.o ./src/Rectangle.o ./src/main.o  IHopethatisthefinalversion.elf.size  IHopethatisthefinalversion.elf
' '
19:52:33 **** Clean-only build of project IHopethatisthefinalversion_bsp ****
make -k clean 
make -C microblaze_0/libsrc/axi_ps2_v1_0/src -s clean 
rm: nie mo¿na wykonaæ lstat na `*.o': Invalid argument
make[1]: *** [Makefile:26: clean] Error 1
make: *** [Makefile:33: microblaze_0/libsrc/axi_ps2_v1_0/src/make.clean] Error 2
make -C microblaze_0/libsrc/bram_v4_2/src -s clean 
make -C microblaze_0/libsrc/cpu_v2_8/src -s clean 
make -C microblaze_0/libsrc/intc_v3_8/src -s clean 
make -C microblaze_0/libsrc/standalone_v6_8/src -s clean 
make -C microblaze_0/libsrc/uartlite_v3_2/src -s clean 
make -C microblaze_0/libsrc/VGA_SQUAREDRAW_v1_0/src -s clean 
rm: nie mo¿na wykonaæ lstat na `*.o': Invalid argument
make[1]: *** [Makefile:26: clean] Error 1
make: *** [Makefile:33: microblaze_0/libsrc/VGA_SQUAREDRAW_v1_0/src/make.clean] Error 2
make: Target 'clean' not remade because of errors.
19:57:56 **** Build of project IHopethatisthefinalversion_bsp ****
make -k all 
"Running Make include in microblaze_0/libsrc/axi_ps2_v1_0/src"
make -C microblaze_0/libsrc/axi_ps2_v1_0/src -s include  "SHELL=CMD" "COMPILER=mb-gcc" "ARCHIVER=mb-ar" "COMPILER_FLAGS=  -O2 -c -mcpu=v11.0 -mlittle-endian -mxl-soft-mul" "EXTRA_COMPILER_FLAGS=-ffunction-sections -fdata-sections -Wall -Wextra"
"Running Make include in microblaze_0/libsrc/bram_v4_2/src"
make -C microblaze_0/libsrc/bram_v4_2/src -s include  "SHELL=CMD" "COMPILER=mb-gcc" "ARCHIVER=mb-ar" "COMPILER_FLAGS=  -O2 -c -mcpu=v11.0 -mlittle-endian -mxl-soft-mul" "EXTRA_COMPILER_FLAGS=-ffunction-sections -fdata-sections -Wall -Wextra"
"Running Make include in microblaze_0/libsrc/cpu_v2_8/src"
make -C microblaze_0/libsrc/cpu_v2_8/src -s include  "SHELL=CMD" "COMPILER=mb-gcc" "ARCHIVER=mb-ar" "COMPILER_FLAGS=  -O2 -c -mcpu=v11.0 -mlittle-endian -mxl-soft-mul" "EXTRA_COMPILER_FLAGS=-ffunction-sections -fdata-sections -Wall -Wextra"
"Running Make include in microblaze_0/libsrc/intc_v3_8/src"
make -C microblaze_0/libsrc/intc_v3_8/src -s include  "SHELL=CMD" "COMPILER=mb-gcc" "ARCHIVER=mb-ar" "COMPILER_FLAGS=  -O2 -c -mcpu=v11.0 -mlittle-endian -mxl-soft-mul" "EXTRA_COMPILER_FLAGS=-ffunction-sections -fdata-sections -Wall -Wextra"
"Running Make include in microblaze_0/libsrc/standalone_v6_8/src"
make -C microblaze_0/libsrc/standalone_v6_8/src -s include  "SHELL=CMD" "COMPILER=mb-gcc" "ARCHIVER=mb-ar" "COMPILER_FLAGS=  -O2 -c -mcpu=v11.0 -mlittle-endian -mxl-soft-mul" "EXTRA_COMPILER_FLAGS=-ffunction-sections -fdata-sections -Wall -Wextra"
"Running Make include in microblaze_0/libsrc/uartlite_v3_2/src"
make -C microblaze_0/libsrc/uartlite_v3_2/src -s include  "SHELL=CMD" "COMPILER=mb-gcc" "ARCHIVER=mb-ar" "COMPILER_FLAGS=  -O2 -c -mcpu=v11.0 -mlittle-endian -mxl-soft-mul" "EXTRA_COMPILER_FLAGS=-ffunction-sections -fdata-sections -Wall -Wextra"
"Running Make include in microblaze_0/libsrc/VGA_SQUAREDRAW_v1_0/src"
make -C microblaze_0/libsrc/VGA_SQUAREDRAW_v1_0/src -s include  "SHELL=CMD" "COMPILER=mb-gcc" "ARCHIVER=mb-ar" "COMPILER_FLAGS=  -O2 -c -mcpu=v11.0 -mlittle-endian -mxl-soft-mul" "EXTRA_COMPILER_FLAGS=-ffunction-sections -fdata-sections -Wall -Wextra"
"Running Make libs in microblaze_0/libsrc/axi_ps2_v1_0/src"
make -C microblaze_0/libsrc/axi_ps2_v1_0/src -s libs  "SHELL=CMD" "COMPILER=mb-gcc" "ARCHIVER=mb-ar" "COMPILER_FLAGS=  -O2 -c -mcpu=v11.0 -mlittle-endian -mxl-soft-mul" "EXTRA_COMPILER_FLAGS=-ffunction-sections -fdata-sections -Wall -Wextra"
"Compiling axi_ps2..."
axi_ps2.c: In function 'axi_ps2_StubHandler':
axi_ps2.c:418:39: warning: unused parameter 'CallBackRef' [-Wunused-parameter]
 static void axi_ps2_StubHandler(void *CallBackRef, u32 IntrMask, u32 ByteCount)
                                       ^~~~~~~~~~~
axi_ps2.c:418:56: warning: unused parameter 'IntrMask' [-Wunused-parameter]
 static void axi_ps2_StubHandler(void *CallBackRef, u32 IntrMask, u32 ByteCount)
                                                        ^~~~~~~~
axi_ps2.c:418:70: warning: unused parameter 'ByteCount' [-Wunused-parameter]
 static void axi_ps2_StubHandler(void *CallBackRef, u32 IntrMask, u32 ByteCount)
                                                                      ^~~~~~~~~
"Running Make libs in microblaze_0/libsrc/bram_v4_2/src"
make -C microblaze_0/libsrc/bram_v4_2/src -s libs  "SHELL=CMD" "COMPILER=mb-gcc" "ARCHIVER=mb-ar" "COMPILER_FLAGS=  -O2 -c -mcpu=v11.0 -mlittle-endian -mxl-soft-mul" "EXTRA_COMPILER_FLAGS=-ffunction-sections -fdata-sections -Wall -Wextra"
"Compiling bram"
"Running Make libs in microblaze_0/libsrc/cpu_v2_8/src"
make -C microblaze_0/libsrc/cpu_v2_8/src -s libs  "SHELL=CMD" "COMPILER=mb-gcc" "ARCHIVER=mb-ar" "COMPILER_FLAGS=  -O2 -c -mcpu=v11.0 -mlittle-endian -mxl-soft-mul" "EXTRA_COMPILER_FLAGS=-ffunction-sections -fdata-sections -Wall -Wextra"
"Compiling cpu"
"Running Make libs in microblaze_0/libsrc/intc_v3_8/src"
make -C microblaze_0/libsrc/intc_v3_8/src -s libs  "SHELL=CMD" "COMPILER=mb-gcc" "ARCHIVER=mb-ar" "COMPILER_FLAGS=  -O2 -c -mcpu=v11.0 -mlittle-endian -mxl-soft-mul" "EXTRA_COMPILER_FLAGS=-ffunction-sections -fdata-sections -Wall -Wextra"
"Compiling intc"
"Running Make libs in microblaze_0/libsrc/standalone_v6_8/src"
make -C microblaze_0/libsrc/standalone_v6_8/src -s libs  "SHELL=CMD" "COMPILER=mb-gcc" "ARCHIVER=mb-ar" "COMPILER_FLAGS=  -O2 -c -mcpu=v11.0 -mlittle-endian -mxl-soft-mul" "EXTRA_COMPILER_FLAGS=-ffunction-sections -fdata-sections -Wall -Wextra"
"Compiling standalone";
microblaze_sleep.c:77:9: note: #pragma message: For the sleep routines, assembly instructions are used
 #pragma message ("For the sleep routines, assembly instructions are used")
         ^~~~~~~
"Running Make libs in microblaze_0/libsrc/uartlite_v3_2/src"
make -C microblaze_0/libsrc/uartlite_v3_2/src -s libs  "SHELL=CMD" "COMPILER=mb-gcc" "ARCHIVER=mb-ar" "COMPILER_FLAGS=  -O2 -c -mcpu=v11.0 -mlittle-endian -mxl-soft-mul" "EXTRA_COMPILER_FLAGS=-ffunction-sections -fdata-sections -Wall -Wextra"
"Compiling uartlite"
"Running Make libs in microblaze_0/libsrc/VGA_SQUAREDRAW_v1_0/src"
make -C microblaze_0/libsrc/VGA_SQUAREDRAW_v1_0/src -s libs  "SHELL=CMD" "COMPILER=mb-gcc" "ARCHIVER=mb-ar" "COMPILER_FLAGS=  -O2 -c -mcpu=v11.0 -mlittle-endian -mxl-soft-mul" "EXTRA_COMPILER_FLAGS=-ffunction-sections -fdata-sections -Wall -Wextra"
"Compiling VGA_SQUAREDRAW..."
VGA_SQUAREDRAW_selftest.c: In function 'VGA_SQUAREDRAW_Reg_SelfTest':
VGA_SQUAREDRAW_selftest.c:52:63: warning: comparison between signed and unsigned integer expressions [-Wsign-compare]
    if ( VGA_SQUAREDRAW_mReadReg (baseaddr, read_loop_index*4) != (read_loop_index+1)*READ_WRITE_MUL_FACTOR){
                                                               ^~
VGA_SQUAREDRAW_selftest.c:36:6: warning: unused variable 'Index' [-Wunused-variable]
  int Index;
      ^~~~~
'Finished building libraries'
19:58:02 **** Build of configuration Debug for project IHopethatisthefinalversion ****
make all 
'Building file: ../src/KeyboardAdded.cc'
'Invoking: MicroBlaze g++ compiler'
mb-g++ -Wall -O0 -g3 -c -fmessage-length=0 -MT"src/KeyboardAdded.o" -I../../IHopethatisthefinalversion_bsp/microblaze_0/include -mlittle-endian -mcpu=v11.0 -mxl-soft-mul -Wl,--no-relax -ffunction-sections -fdata-sections -MMD -MP -MF"src/KeyboardAdded.d" -MT"src/KeyboardAdded.o" -o "src/KeyboardAdded.o" "../src/KeyboardAdded.cc"
'Finished building: ../src/KeyboardAdded.cc'
' '
'Building file: ../src/Rectangle.cc'
'Invoking: MicroBlaze g++ compiler'
mb-g++ -Wall -O0 -g3 -c -fmessage-length=0 -MT"src/Rectangle.o" -I../../IHopethatisthefinalversion_bsp/microblaze_0/include -mlittle-endian -mcpu=v11.0 -mxl-soft-mul -Wl,--no-relax -ffunction-sections -fdata-sections -MMD -MP -MF"src/Rectangle.d" -MT"src/Rectangle.o" -o "src/Rectangle.o" "../src/Rectangle.cc"
'Finished building: ../src/Rectangle.cc'
' '
'Building file: ../src/main.cc'
'Invoking: MicroBlaze g++ compiler'
mb-g++ -Wall -O0 -g3 -c -fmessage-length=0 -MT"src/main.o" -I../../IHopethatisthefinalversion_bsp/microblaze_0/include -mlittle-endian -mcpu=v11.0 -mxl-soft-mul -Wl,--no-relax -ffunction-sections -fdata-sections -MMD -MP -MF"src/main.d" -MT"src/main.o" -o "src/main.o" "../src/main.cc"
../src/main.cc: In function 'int main()':
../src/main.cc:273:5: warning: unused variable 'Index2' [-Wunused-variable]
  u8 Index2;
     ^~~~~~
../src/main.cc:277:5: warning: unused variable 'Keys' [-Wunused-variable]
  u8 Keys[10];
     ^~~~
'Finished building: ../src/main.cc'
' '
'Building target: IHopethatisthefinalversion.elf'
'Invoking: MicroBlaze g++ linker'
mb-g++ -Wl,-T -Wl,../src/lscript.ld -L../../IHopethatisthefinalversion_bsp/microblaze_0/lib -mlittle-endian -mcpu=v11.0 -mxl-soft-mul -Wl,--no-relax -Wl,--gc-sections -o "IHopethatisthefinalversion.elf"  ./src/KeyboardAdded.o ./src/Rectangle.o ./src/main.o   -Wl,--start-group,-lxil,-lgcc,-lc,-lstdc++,--end-group
'Finished building target: IHopethatisthefinalversion.elf'
' '
'Invoking: MicroBlaze Print Size'
mb-size IHopethatisthefinalversion.elf  |tee "IHopethatisthefinalversion.elf.size"
   text	   data	    bss	    dec	    hex	filename
  24056	    508	   3452	  28016	   6d70	IHopethatisthefinalversion.elf
'Finished building: IHopethatisthefinalversion.elf.size'
' '
19:58:05 **** Incremental Build of configuration Debug for project IHopethatisthefinalversion ****
make all 
make: Nothing to be done for 'all'.
20:40:33 **** Incremental Build of configuration Debug for project IHopethatisthefinalversion ****
make all 
make: Nothing to be done for 'all'.
21:01:09 **** Auto Build of configuration Debug for project IHopethatisthefinalversion ****
make all 
'Building file: ../src/KeyboardAdded.cc'
'Invoking: MicroBlaze g++ compiler'
mb-g++ -Wall -O0 -g3 -c -fmessage-length=0 -MT"src/KeyboardAdded.o" -I../../IHopethatisthefinalversion_bsp/microblaze_0/include -mlittle-endian -mcpu=v11.0 -mxl-soft-mul -Wl,--no-relax -ffunction-sections -fdata-sections -MMD -MP -MF"src/KeyboardAdded.d" -MT"src/KeyboardAdded.o" -o "src/KeyboardAdded.o" "../src/KeyboardAdded.cc"
In file included from ../src/KeyboardAdded.cc:7:0:
../src/KeyboardAdded.h:68:12: warning: 'pushedKeys' defined but not used [-Wunused-variable]
 static u16 pushedKeys;
            ^~~~~~~~~~
'Finished building: ../src/KeyboardAdded.cc'
' '
'Building file: ../src/main.cc'
'Invoking: MicroBlaze g++ compiler'
mb-g++ -Wall -O0 -g3 -c -fmessage-length=0 -MT"src/main.o" -I../../IHopethatisthefinalversion_bsp/microblaze_0/include -mlittle-endian -mcpu=v11.0 -mxl-soft-mul -Wl,--no-relax -ffunction-sections -fdata-sections -MMD -MP -MF"src/main.d" -MT"src/main.o" -o "src/main.o" "../src/main.cc"
../src/main.cc: In function 'int main()':
../src/main.cc:273:5: warning: unused variable 'Index2' [-Wunused-variable]
  u8 Index2;
     ^~~~~~
../src/main.cc:277:5: warning: unused variable 'Keys' [-Wunused-variable]
  u8 Keys[10];
     ^~~~
'Finished building: ../src/main.cc'
' '
'Building target: IHopethatisthefinalversion.elf'
'Invoking: MicroBlaze g++ linker'
mb-g++ -Wl,-T -Wl,../src/lscript.ld -L../../IHopethatisthefinalversion_bsp/microblaze_0/lib -mlittle-endian -mcpu=v11.0 -mxl-soft-mul -Wl,--no-relax -Wl,--gc-sections -o "IHopethatisthefinalversion.elf"  ./src/KeyboardAdded.o ./src/Rectangle.o ./src/main.o   -Wl,--start-group,-lxil,-lgcc,-lc,-lstdc++,--end-group
'Finished building target: IHopethatisthefinalversion.elf'
' '
'Invoking: MicroBlaze Print Size'
mb-size IHopethatisthefinalversion.elf  |tee "IHopethatisthefinalversion.elf.size"
   text	   data	    bss	    dec	    hex	filename
  24528	    508	   3452	  28488	   6f48	IHopethatisthefinalversion.elf
'Finished building: IHopethatisthefinalversion.elf.size'
' '
21:01:14 **** Incremental Build of configuration Debug for project IHopethatisthefinalversion ****
make all 
make: Nothing to be done for 'all'.
21:03:06 **** Auto Build of configuration Debug for project IHopethatisthefinalversion ****
make all 
'Building file: ../src/KeyboardAdded.cc'
'Invoking: MicroBlaze g++ compiler'
mb-g++ -Wall -O0 -g3 -c -fmessage-length=0 -MT"src/KeyboardAdded.o" -I../../IHopethatisthefinalversion_bsp/microblaze_0/include -mlittle-endian -mcpu=v11.0 -mxl-soft-mul -Wl,--no-relax -ffunction-sections -fdata-sections -MMD -MP -MF"src/KeyboardAdded.d" -MT"src/KeyboardAdded.o" -o "src/KeyboardAdded.o" "../src/KeyboardAdded.cc"
In file included from ../src/KeyboardAdded.cc:7:0:
../src/KeyboardAdded.h:68:12: warning: 'pushedKeys' defined but not used [-Wunused-variable]
 static u16 pushedKeys;
            ^~~~~~~~~~
'Finished building: ../src/KeyboardAdded.cc'
' '
'Building target: IHopethatisthefinalversion.elf'
'Invoking: MicroBlaze g++ linker'
mb-g++ -Wl,-T -Wl,../src/lscript.ld -L../../IHopethatisthefinalversion_bsp/microblaze_0/lib -mlittle-endian -mcpu=v11.0 -mxl-soft-mul -Wl,--no-relax -Wl,--gc-sections -o "IHopethatisthefinalversion.elf"  ./src/KeyboardAdded.o ./src/Rectangle.o ./src/main.o   -Wl,--start-group,-lxil,-lgcc,-lc,-lstdc++,--end-group
'Finished building target: IHopethatisthefinalversion.elf'
' '
'Invoking: MicroBlaze Print Size'
mb-size IHopethatisthefinalversion.elf  |tee "IHopethatisthefinalversion.elf.size"
   text	   data	    bss	    dec	    hex	filename
  24528	    508	   3452	  28488	   6f48	IHopethatisthefinalversion.elf
'Finished building: IHopethatisthefinalversion.elf.size'
' '
21:03:27 **** Incremental Build of configuration Debug for project IHopethatisthefinalversion ****
make all 
make: Nothing to be done for 'all'.
21:04:32 **** Incremental Build of configuration Debug for project IHopethatisthefinalversion ****
make all 
make: Nothing to be done for 'all'.
21:08:15 **** Auto Build of configuration Debug for project IHopethatisthefinalversion ****
make all 
'Building file: ../src/main.cc'
'Invoking: MicroBlaze g++ compiler'
mb-g++ -Wall -O0 -g3 -c -fmessage-length=0 -MT"src/main.o" -I../../IHopethatisthefinalversion_bsp/microblaze_0/include -mlittle-endian -mcpu=v11.0 -mxl-soft-mul -Wl,--no-relax -ffunction-sections -fdata-sections -MMD -MP -MF"src/main.d" -MT"src/main.o" -o "src/main.o" "../src/main.cc"
../src/main.cc: In function 'int main()':
../src/main.cc:273:5: warning: unused variable 'Index2' [-Wunused-variable]
  u8 Index2;
     ^~~~~~
../src/main.cc:277:5: warning: unused variable 'Keys' [-Wunused-variable]
  u8 Keys[10];
     ^~~~
'Finished building: ../src/main.cc'
' '
'Building target: IHopethatisthefinalversion.elf'
'Invoking: MicroBlaze g++ linker'
mb-g++ -Wl,-T -Wl,../src/lscript.ld -L../../IHopethatisthefinalversion_bsp/microblaze_0/lib -mlittle-endian -mcpu=v11.0 -mxl-soft-mul -Wl,--no-relax -Wl,--gc-sections -o "IHopethatisthefinalversion.elf"  ./src/KeyboardAdded.o ./src/Rectangle.o ./src/main.o   -Wl,--start-group,-lxil,-lgcc,-lc,-lstdc++,--end-group
'Finished building target: IHopethatisthefinalversion.elf'
' '
'Invoking: MicroBlaze Print Size'
mb-size IHopethatisthefinalversion.elf  |tee "IHopethatisthefinalversion.elf.size"
   text	   data	    bss	    dec	    hex	filename
  24556	    508	   3456	  28520	   6f68	IHopethatisthefinalversion.elf
'Finished building: IHopethatisthefinalversion.elf.size'
' '
21:08:18 **** Incremental Build of configuration Debug for project IHopethatisthefinalversion ****
make all 
make: Nothing to be done for 'all'.
21:09:00 **** Auto Build of configuration Debug for project IHopethatisthefinalversion ****
make all 
'Building file: ../src/main.cc'
'Invoking: MicroBlaze g++ compiler'
mb-g++ -Wall -O0 -g3 -c -fmessage-length=0 -MT"src/main.o" -I../../IHopethatisthefinalversion_bsp/microblaze_0/include -mlittle-endian -mcpu=v11.0 -mxl-soft-mul -Wl,--no-relax -ffunction-sections -fdata-sections -MMD -MP -MF"src/main.d" -MT"src/main.o" -o "src/main.o" "../src/main.cc"
../src/main.cc: In function 'int main()':
../src/main.cc:273:5: warning: unused variable 'Index2' [-Wunused-variable]
  u8 Index2;
     ^~~~~~
../src/main.cc:277:5: warning: unused variable 'Keys' [-Wunused-variable]
  u8 Keys[10];
     ^~~~
'Finished building: ../src/main.cc'
' '
'Building target: IHopethatisthefinalversion.elf'
'Invoking: MicroBlaze g++ linker'
mb-g++ -Wl,-T -Wl,../src/lscript.ld -L../../IHopethatisthefinalversion_bsp/microblaze_0/lib -mlittle-endian -mcpu=v11.0 -mxl-soft-mul -Wl,--no-relax -Wl,--gc-sections -o "IHopethatisthefinalversion.elf"  ./src/KeyboardAdded.o ./src/Rectangle.o ./src/main.o   -Wl,--start-group,-lxil,-lgcc,-lc,-lstdc++,--end-group
'Finished building target: IHopethatisthefinalversion.elf'
' '
'Invoking: MicroBlaze Print Size'
mb-size IHopethatisthefinalversion.elf  |tee "IHopethatisthefinalversion.elf.size"
   text	   data	    bss	    dec	    hex	filename
  24556	    508	   3456	  28520	   6f68	IHopethatisthefinalversion.elf
'Finished building: IHopethatisthefinalversion.elf.size'
' '
21:09:02 **** Incremental Build of configuration Debug for project IHopethatisthefinalversion ****
make all 
make: Nothing to be done for 'all'.
21:39:00 **** Auto Build of configuration Debug for project IHopethatisthefinalversion ****
make all 
'Building file: ../src/main.cc'
'Invoking: MicroBlaze g++ compiler'
mb-g++ -Wall -O0 -g3 -c -fmessage-length=0 -MT"src/main.o" -I../../IHopethatisthefinalversion_bsp/microblaze_0/include -mlittle-endian -mcpu=v11.0 -mxl-soft-mul -Wl,--no-relax -ffunction-sections -fdata-sections -MMD -MP -MF"src/main.d" -MT"src/main.o" -o "src/main.o" "../src/main.cc"
../src/main.cc: In function 'int main()':
../src/main.cc:273:5: warning: unused variable 'Index2' [-Wunused-variable]
  u8 Index2;
     ^~~~~~
../src/main.cc:277:5: warning: unused variable 'Keys' [-Wunused-variable]
  u8 Keys[10];
     ^~~~
'Finished building: ../src/main.cc'
' '
'Building target: IHopethatisthefinalversion.elf'
'Invoking: MicroBlaze g++ linker'
mb-g++ -Wl,-T -Wl,../src/lscript.ld -L../../IHopethatisthefinalversion_bsp/microblaze_0/lib -mlittle-endian -mcpu=v11.0 -mxl-soft-mul -Wl,--no-relax -Wl,--gc-sections -o "IHopethatisthefinalversion.elf"  ./src/KeyboardAdded.o ./src/Rectangle.o ./src/main.o   -Wl,--start-group,-lxil,-lgcc,-lc,-lstdc++,--end-group
'Finished building target: IHopethatisthefinalversion.elf'
' '
'Invoking: MicroBlaze Print Size'
mb-size IHopethatisthefinalversion.elf  |tee "IHopethatisthefinalversion.elf.size"
   text	   data	    bss	    dec	    hex	filename
  24556	    508	   3456	  28520	   6f68	IHopethatisthefinalversion.elf
'Finished building: IHopethatisthefinalversion.elf.size'
' '
21:39:02 **** Incremental Build of configuration Debug for project IHopethatisthefinalversion ****
make all 
make: Nothing to be done for 'all'.
21:39:30 **** Auto Build of configuration Debug for project IHopethatisthefinalversion ****
make all 
'Building file: ../src/main.cc'
'Invoking: MicroBlaze g++ compiler'
mb-g++ -Wall -O0 -g3 -c -fmessage-length=0 -MT"src/main.o" -I../../IHopethatisthefinalversion_bsp/microblaze_0/include -mlittle-endian -mcpu=v11.0 -mxl-soft-mul -Wl,--no-relax -ffunction-sections -fdata-sections -MMD -MP -MF"src/main.d" -MT"src/main.o" -o "src/main.o" "../src/main.cc"
../src/main.cc: In function 'int main()':
../src/main.cc:273:5: warning: unused variable 'Index2' [-Wunused-variable]
  u8 Index2;
     ^~~~~~
../src/main.cc:277:5: warning: unused variable 'Keys' [-Wunused-variable]
  u8 Keys[10];
     ^~~~
'Finished building: ../src/main.cc'
' '
'Building target: IHopethatisthefinalversion.elf'
'Invoking: MicroBlaze g++ linker'
mb-g++ -Wl,-T -Wl,../src/lscript.ld -L../../IHopethatisthefinalversion_bsp/microblaze_0/lib -mlittle-endian -mcpu=v11.0 -mxl-soft-mul -Wl,--no-relax -Wl,--gc-sections -o "IHopethatisthefinalversion.elf"  ./src/KeyboardAdded.o ./src/Rectangle.o ./src/main.o   -Wl,--start-group,-lxil,-lgcc,-lc,-lstdc++,--end-group
'Finished building target: IHopethatisthefinalversion.elf'
' '
'Invoking: MicroBlaze Print Size'
mb-size IHopethatisthefinalversion.elf  |tee "IHopethatisthefinalversion.elf.size"
   text	   data	    bss	    dec	    hex	filename
  24556	    508	   3456	  28520	   6f68	IHopethatisthefinalversion.elf
'Finished building: IHopethatisthefinalversion.elf.size'
' '
21:43:42 **** Auto Build of configuration Debug for project IHopethatisthefinalversion ****
make all 
'Building file: ../src/main.cc'
'Invoking: MicroBlaze g++ compiler'
mb-g++ -Wall -O0 -g3 -c -fmessage-length=0 -MT"src/main.o" -I../../IHopethatisthefinalversion_bsp/microblaze_0/include -mlittle-endian -mcpu=v11.0 -mxl-soft-mul -Wl,--no-relax -ffunction-sections -fdata-sections -MMD -MP -MF"src/main.d" -MT"src/main.o" -o "src/main.o" "../src/main.cc"
../src/main.cc: In function 'int main()':
../src/main.cc:273:5: warning: unused variable 'Index2' [-Wunused-variable]
  u8 Index2;
     ^~~~~~
../src/main.cc:277:5: warning: unused variable 'Keys' [-Wunused-variable]
  u8 Keys[10];
     ^~~~
'Finished building: ../src/main.cc'
' '
'Building target: IHopethatisthefinalversion.elf'
'Invoking: MicroBlaze g++ linker'
mb-g++ -Wl,-T -Wl,../src/lscript.ld -L../../IHopethatisthefinalversion_bsp/microblaze_0/lib -mlittle-endian -mcpu=v11.0 -mxl-soft-mul -Wl,--no-relax -Wl,--gc-sections -o "IHopethatisthefinalversion.elf"  ./src/KeyboardAdded.o ./src/Rectangle.o ./src/main.o   -Wl,--start-group,-lxil,-lgcc,-lc,-lstdc++,--end-group
'Finished building target: IHopethatisthefinalversion.elf'
' '
'Invoking: MicroBlaze Print Size'
mb-size IHopethatisthefinalversion.elf  |tee "IHopethatisthefinalversion.elf.size"
   text	   data	    bss	    dec	    hex	filename
  24556	    508	   3456	  28520	   6f68	IHopethatisthefinalversion.elf
'Finished building: IHopethatisthefinalversion.elf.size'
' '
21:43:54 **** Auto Build of configuration Debug for project IHopethatisthefinalversion ****
make all 
'Building file: ../src/main.cc'
'Invoking: MicroBlaze g++ compiler'
mb-g++ -Wall -O0 -g3 -c -fmessage-length=0 -MT"src/main.o" -I../../IHopethatisthefinalversion_bsp/microblaze_0/include -mlittle-endian -mcpu=v11.0 -mxl-soft-mul -Wl,--no-relax -ffunction-sections -fdata-sections -MMD -MP -MF"src/main.d" -MT"src/main.o" -o "src/main.o" "../src/main.cc"
../src/main.cc: In function 'int main()':
../src/main.cc:273:5: warning: unused variable 'Index2' [-Wunused-variable]
  u8 Index2;
     ^~~~~~
../src/main.cc:277:5: warning: unused variable 'Keys' [-Wunused-variable]
  u8 Keys[10];
     ^~~~
'Finished building: ../src/main.cc'
' '
'Building target: IHopethatisthefinalversion.elf'
'Invoking: MicroBlaze g++ linker'
mb-g++ -Wl,-T -Wl,../src/lscript.ld -L../../IHopethatisthefinalversion_bsp/microblaze_0/lib -mlittle-endian -mcpu=v11.0 -mxl-soft-mul -Wl,--no-relax -Wl,--gc-sections -o "IHopethatisthefinalversion.elf"  ./src/KeyboardAdded.o ./src/Rectangle.o ./src/main.o   -Wl,--start-group,-lxil,-lgcc,-lc,-lstdc++,--end-group
'Finished building target: IHopethatisthefinalversion.elf'
' '
'Invoking: MicroBlaze Print Size'
mb-size IHopethatisthefinalversion.elf  |tee "IHopethatisthefinalversion.elf.size"
   text	   data	    bss	    dec	    hex	filename
  24556	    508	   3456	  28520	   6f68	IHopethatisthefinalversion.elf
'Finished building: IHopethatisthefinalversion.elf.size'
' '
21:43:55 **** Incremental Build of configuration Debug for project IHopethatisthefinalversion ****
make all 
make: Nothing to be done for 'all'.
21:44:08 **** Auto Build of configuration Debug for project IHopethatisthefinalversion ****
make all 
'Building file: ../src/main.cc'
'Invoking: MicroBlaze g++ compiler'
mb-g++ -Wall -O0 -g3 -c -fmessage-length=0 -MT"src/main.o" -I../../IHopethatisthefinalversion_bsp/microblaze_0/include -mlittle-endian -mcpu=v11.0 -mxl-soft-mul -Wl,--no-relax -ffunction-sections -fdata-sections -MMD -MP -MF"src/main.d" -MT"src/main.o" -o "src/main.o" "../src/main.cc"
../src/main.cc: In function 'int main()':
../src/main.cc:273:5: warning: unused variable 'Index2' [-Wunused-variable]
  u8 Index2;
     ^~~~~~
../src/main.cc:277:5: warning: unused variable 'Keys' [-Wunused-variable]
  u8 Keys[10];
     ^~~~
'Finished building: ../src/main.cc'
' '
'Building target: IHopethatisthefinalversion.elf'
'Invoking: MicroBlaze g++ linker'
mb-g++ -Wl,-T -Wl,../src/lscript.ld -L../../IHopethatisthefinalversion_bsp/microblaze_0/lib -mlittle-endian -mcpu=v11.0 -mxl-soft-mul -Wl,--no-relax -Wl,--gc-sections -o "IHopethatisthefinalversion.elf"  ./src/KeyboardAdded.o ./src/Rectangle.o ./src/main.o   -Wl,--start-group,-lxil,-lgcc,-lc,-lstdc++,--end-group
'Finished building target: IHopethatisthefinalversion.elf'
' '
'Invoking: MicroBlaze Print Size'
mb-size IHopethatisthefinalversion.elf  |tee "IHopethatisthefinalversion.elf.size"
   text	   data	    bss	    dec	    hex	filename
  24556	    508	   3456	  28520	   6f68	IHopethatisthefinalversion.elf
'Finished building: IHopethatisthefinalversion.elf.size'
' '
21:44:15 **** Auto Build of configuration Debug for project IHopethatisthefinalversion ****
make all 
'Building file: ../src/main.cc'
'Invoking: MicroBlaze g++ compiler'
mb-g++ -Wall -O0 -g3 -c -fmessage-length=0 -MT"src/main.o" -I../../IHopethatisthefinalversion_bsp/microblaze_0/include -mlittle-endian -mcpu=v11.0 -mxl-soft-mul -Wl,--no-relax -ffunction-sections -fdata-sections -MMD -MP -MF"src/main.d" -MT"src/main.o" -o "src/main.o" "../src/main.cc"
../src/main.cc: In function 'int main()':
../src/main.cc:273:5: warning: unused variable 'Index2' [-Wunused-variable]
  u8 Index2;
     ^~~~~~
../src/main.cc:277:5: warning: unused variable 'Keys' [-Wunused-variable]
  u8 Keys[10];
     ^~~~
'Finished building: ../src/main.cc'
' '
'Building target: IHopethatisthefinalversion.elf'
'Invoking: MicroBlaze g++ linker'
mb-g++ -Wl,-T -Wl,../src/lscript.ld -L../../IHopethatisthefinalversion_bsp/microblaze_0/lib -mlittle-endian -mcpu=v11.0 -mxl-soft-mul -Wl,--no-relax -Wl,--gc-sections -o "IHopethatisthefinalversion.elf"  ./src/KeyboardAdded.o ./src/Rectangle.o ./src/main.o   -Wl,--start-group,-lxil,-lgcc,-lc,-lstdc++,--end-group
'Finished building target: IHopethatisthefinalversion.elf'
' '
'Invoking: MicroBlaze Print Size'
mb-size IHopethatisthefinalversion.elf  |tee "IHopethatisthefinalversion.elf.size"
   text	   data	    bss	    dec	    hex	filename
  24556	    508	   3456	  28520	   6f68	IHopethatisthefinalversion.elf
'Finished building: IHopethatisthefinalversion.elf.size'
' '
21:44:18 **** Incremental Build of configuration Debug for project IHopethatisthefinalversion ****
make all 
make: Nothing to be done for 'all'.
21:45:21 **** Auto Build of configuration Debug for project IHopethatisthefinalversion ****
make all 
'Building file: ../src/main.cc'
'Invoking: MicroBlaze g++ compiler'
mb-g++ -Wall -O0 -g3 -c -fmessage-length=0 -MT"src/main.o" -I../../IHopethatisthefinalversion_bsp/microblaze_0/include -mlittle-endian -mcpu=v11.0 -mxl-soft-mul -Wl,--no-relax -ffunction-sections -fdata-sections -MMD -MP -MF"src/main.d" -MT"src/main.o" -o "src/main.o" "../src/main.cc"
../src/main.cc: In function 'int main()':
../src/main.cc:273:5: warning: unused variable 'Index2' [-Wunused-variable]
  u8 Index2;
     ^~~~~~
../src/main.cc:277:5: warning: unused variable 'Keys' [-Wunused-variable]
  u8 Keys[10];
     ^~~~
'Finished building: ../src/main.cc'
' '
'Building target: IHopethatisthefinalversion.elf'
'Invoking: MicroBlaze g++ linker'
mb-g++ -Wl,-T -Wl,../src/lscript.ld -L../../IHopethatisthefinalversion_bsp/microblaze_0/lib -mlittle-endian -mcpu=v11.0 -mxl-soft-mul -Wl,--no-relax -Wl,--gc-sections -o "IHopethatisthefinalversion.elf"  ./src/KeyboardAdded.o ./src/Rectangle.o ./src/main.o   -Wl,--start-group,-lxil,-lgcc,-lc,-lstdc++,--end-group
'Finished building target: IHopethatisthefinalversion.elf'
' '
'Invoking: MicroBlaze Print Size'
mb-size IHopethatisthefinalversion.elf  |tee "IHopethatisthefinalversion.elf.size"
   text	   data	    bss	    dec	    hex	filename
  24556	    508	   3456	  28520	   6f68	IHopethatisthefinalversion.elf
'Finished building: IHopethatisthefinalversion.elf.size'
' '
21:47:37 **** Auto Build of configuration Debug for project IHopethatisthefinalversion ****
make all 
'Building file: ../src/main.cc'
'Invoking: MicroBlaze g++ compiler'
mb-g++ -Wall -O0 -g3 -c -fmessage-length=0 -MT"src/main.o" -I../../IHopethatisthefinalversion_bsp/microblaze_0/include -mlittle-endian -mcpu=v11.0 -mxl-soft-mul -Wl,--no-relax -ffunction-sections -fdata-sections -MMD -MP -MF"src/main.d" -MT"src/main.o" -o "src/main.o" "../src/main.cc"
../src/main.cc: In function 'int main()':
../src/main.cc:273:5: warning: unused variable 'Index2' [-Wunused-variable]
  u8 Index2;
     ^~~~~~
../src/main.cc:277:5: warning: unused variable 'Keys' [-Wunused-variable]
  u8 Keys[10];
     ^~~~
'Finished building: ../src/main.cc'
' '
'Building target: IHopethatisthefinalversion.elf'
'Invoking: MicroBlaze g++ linker'
mb-g++ -Wl,-T -Wl,../src/lscript.ld -L../../IHopethatisthefinalversion_bsp/microblaze_0/lib -mlittle-endian -mcpu=v11.0 -mxl-soft-mul -Wl,--no-relax -Wl,--gc-sections -o "IHopethatisthefinalversion.elf"  ./src/KeyboardAdded.o ./src/Rectangle.o ./src/main.o   -Wl,--start-group,-lxil,-lgcc,-lc,-lstdc++,--end-group
'Finished building target: IHopethatisthefinalversion.elf'
' '
'Invoking: MicroBlaze Print Size'
mb-size IHopethatisthefinalversion.elf  |tee "IHopethatisthefinalversion.elf.size"
   text	   data	    bss	    dec	    hex	filename
  24556	    508	   3456	  28520	   6f68	IHopethatisthefinalversion.elf
'Finished building: IHopethatisthefinalversion.elf.size'
' '
21:47:40 **** Incremental Build of configuration Debug for project IHopethatisthefinalversion ****
make all 
make: Nothing to be done for 'all'.
21:48:23 **** Auto Build of configuration Debug for project IHopethatisthefinalversion ****
make all 
'Building file: ../src/main.cc'
'Invoking: MicroBlaze g++ compiler'
mb-g++ -Wall -O0 -g3 -c -fmessage-length=0 -MT"src/main.o" -I../../IHopethatisthefinalversion_bsp/microblaze_0/include -mlittle-endian -mcpu=v11.0 -mxl-soft-mul -Wl,--no-relax -ffunction-sections -fdata-sections -MMD -MP -MF"src/main.d" -MT"src/main.o" -o "src/main.o" "../src/main.cc"
../src/main.cc: In function 'int main()':
../src/main.cc:273:5: warning: unused variable 'Index2' [-Wunused-variable]
  u8 Index2;
     ^~~~~~
../src/main.cc:277:5: warning: unused variable 'Keys' [-Wunused-variable]
  u8 Keys[10];
     ^~~~
'Finished building: ../src/main.cc'
' '
'Building target: IHopethatisthefinalversion.elf'
'Invoking: MicroBlaze g++ linker'
mb-g++ -Wl,-T -Wl,../src/lscript.ld -L../../IHopethatisthefinalversion_bsp/microblaze_0/lib -mlittle-endian -mcpu=v11.0 -mxl-soft-mul -Wl,--no-relax -Wl,--gc-sections -o "IHopethatisthefinalversion.elf"  ./src/KeyboardAdded.o ./src/Rectangle.o ./src/main.o   -Wl,--start-group,-lxil,-lgcc,-lc,-lstdc++,--end-group
'Finished building target: IHopethatisthefinalversion.elf'
' '
'Invoking: MicroBlaze Print Size'
mb-size IHopethatisthefinalversion.elf  |tee "IHopethatisthefinalversion.elf.size"
   text	   data	    bss	    dec	    hex	filename
  24556	    508	   3456	  28520	   6f68	IHopethatisthefinalversion.elf
'Finished building: IHopethatisthefinalversion.elf.size'
' '
21:51:14 **** Auto Build of configuration Debug for project IHopethatisthefinalversion ****
make all 
'Building file: ../src/main.cc'
'Invoking: MicroBlaze g++ compiler'
mb-g++ -Wall -O0 -g3 -c -fmessage-length=0 -MT"src/main.o" -I../../IHopethatisthefinalversion_bsp/microblaze_0/include -mlittle-endian -mcpu=v11.0 -mxl-soft-mul -Wl,--no-relax -ffunction-sections -fdata-sections -MMD -MP -MF"src/main.d" -MT"src/main.o" -o "src/main.o" "../src/main.cc"
../src/main.cc: In function 'int main()':
../src/main.cc:273:5: warning: unused variable 'Index2' [-Wunused-variable]
  u8 Index2;
     ^~~~~~
../src/main.cc:277:5: warning: unused variable 'Keys' [-Wunused-variable]
  u8 Keys[10];
     ^~~~
'Finished building: ../src/main.cc'
' '
'Building target: IHopethatisthefinalversion.elf'
'Invoking: MicroBlaze g++ linker'
mb-g++ -Wl,-T -Wl,../src/lscript.ld -L../../IHopethatisthefinalversion_bsp/microblaze_0/lib -mlittle-endian -mcpu=v11.0 -mxl-soft-mul -Wl,--no-relax -Wl,--gc-sections -o "IHopethatisthefinalversion.elf"  ./src/KeyboardAdded.o ./src/Rectangle.o ./src/main.o   -Wl,--start-group,-lxil,-lgcc,-lc,-lstdc++,--end-group
'Finished building target: IHopethatisthefinalversion.elf'
' '
'Invoking: MicroBlaze Print Size'
mb-size IHopethatisthefinalversion.elf  |tee "IHopethatisthefinalversion.elf.size"
   text	   data	    bss	    dec	    hex	filename
  24576	    508	   3452	  28536	   6f78	IHopethatisthefinalversion.elf
'Finished building: IHopethatisthefinalversion.elf.size'
' '
21:51:27 **** Incremental Build of configuration Debug for project IHopethatisthefinalversion ****
make all 
make: Nothing to be done for 'all'.
21:52:06 **** Auto Build of configuration Debug for project IHopethatisthefinalversion ****
make all 
'Building file: ../src/main.cc'
'Invoking: MicroBlaze g++ compiler'
mb-g++ -Wall -O0 -g3 -c -fmessage-length=0 -MT"src/main.o" -I../../IHopethatisthefinalversion_bsp/microblaze_0/include -mlittle-endian -mcpu=v11.0 -mxl-soft-mul -Wl,--no-relax -ffunction-sections -fdata-sections -MMD -MP -MF"src/main.d" -MT"src/main.o" -o "src/main.o" "../src/main.cc"
../src/main.cc: In function 'int main()':
../src/main.cc:273:5: warning: unused variable 'Index2' [-Wunused-variable]
  u8 Index2;
     ^~~~~~
../src/main.cc:277:5: warning: unused variable 'Keys' [-Wunused-variable]
  u8 Keys[10];
     ^~~~
'Finished building: ../src/main.cc'
' '
'Building target: IHopethatisthefinalversion.elf'
'Invoking: MicroBlaze g++ linker'
mb-g++ -Wl,-T -Wl,../src/lscript.ld -L../../IHopethatisthefinalversion_bsp/microblaze_0/lib -mlittle-endian -mcpu=v11.0 -mxl-soft-mul -Wl,--no-relax -Wl,--gc-sections -o "IHopethatisthefinalversion.elf"  ./src/KeyboardAdded.o ./src/Rectangle.o ./src/main.o   -Wl,--start-group,-lxil,-lgcc,-lc,-lstdc++,--end-group
'Finished building target: IHopethatisthefinalversion.elf'
' '
'Invoking: MicroBlaze Print Size'
mb-size IHopethatisthefinalversion.elf  |tee "IHopethatisthefinalversion.elf.size"
   text	   data	    bss	    dec	    hex	filename
  24556	    508	   3456	  28520	   6f68	IHopethatisthefinalversion.elf
'Finished building: IHopethatisthefinalversion.elf.size'
' '
21:52:09 **** Incremental Build of configuration Debug for project IHopethatisthefinalversion ****
make all 
make: Nothing to be done for 'all'.
21:52:53 **** Auto Build of configuration Debug for project IHopethatisthefinalversion ****
make all 
'Building file: ../src/main.cc'
'Invoking: MicroBlaze g++ compiler'
mb-g++ -Wall -O0 -g3 -c -fmessage-length=0 -MT"src/main.o" -I../../IHopethatisthefinalversion_bsp/microblaze_0/include -mlittle-endian -mcpu=v11.0 -mxl-soft-mul -Wl,--no-relax -ffunction-sections -fdata-sections -MMD -MP -MF"src/main.d" -MT"src/main.o" -o "src/main.o" "../src/main.cc"
../src/main.cc: In function 'int main()':
../src/main.cc:273:5: warning: unused variable 'Index2' [-Wunused-variable]
  u8 Index2;
     ^~~~~~
../src/main.cc:277:5: warning: unused variable 'Keys' [-Wunused-variable]
  u8 Keys[10];
     ^~~~
'Finished building: ../src/main.cc'
' '
'Building target: IHopethatisthefinalversion.elf'
'Invoking: MicroBlaze g++ linker'
mb-g++ -Wl,-T -Wl,../src/lscript.ld -L../../IHopethatisthefinalversion_bsp/microblaze_0/lib -mlittle-endian -mcpu=v11.0 -mxl-soft-mul -Wl,--no-relax -Wl,--gc-sections -o "IHopethatisthefinalversion.elf"  ./src/KeyboardAdded.o ./src/Rectangle.o ./src/main.o   -Wl,--start-group,-lxil,-lgcc,-lc,-lstdc++,--end-group
'Finished building target: IHopethatisthefinalversion.elf'
' '
'Invoking: MicroBlaze Print Size'
mb-size IHopethatisthefinalversion.elf  |tee "IHopethatisthefinalversion.elf.size"
   text	   data	    bss	    dec	    hex	filename
  24576	    508	   3452	  28536	   6f78	IHopethatisthefinalversion.elf
'Finished building: IHopethatisthefinalversion.elf.size'
' '
21:53:08 **** Incremental Build of configuration Debug for project IHopethatisthefinalversion ****
make all 
make: Nothing to be done for 'all'.
21:53:53 **** Incremental Build of configuration Debug for project IHopethatisthefinalversion ****
make all 
make: Nothing to be done for 'all'.
21:54:30 **** Auto Build of configuration Debug for project IHopethatisthefinalversion ****
make all 
'Building file: ../src/main.cc'
'Invoking: MicroBlaze g++ compiler'
mb-g++ -Wall -O0 -g3 -c -fmessage-length=0 -MT"src/main.o" -I../../IHopethatisthefinalversion_bsp/microblaze_0/include -mlittle-endian -mcpu=v11.0 -mxl-soft-mul -Wl,--no-relax -ffunction-sections -fdata-sections -MMD -MP -MF"src/main.d" -MT"src/main.o" -o "src/main.o" "../src/main.cc"
../src/main.cc: In function 'int main()':
../src/main.cc:273:5: warning: unused variable 'Index2' [-Wunused-variable]
  u8 Index2;
     ^~~~~~
../src/main.cc:277:5: warning: unused variable 'Keys' [-Wunused-variable]
  u8 Keys[10];
     ^~~~
'Finished building: ../src/main.cc'
' '
'Building target: IHopethatisthefinalversion.elf'
'Invoking: MicroBlaze g++ linker'
mb-g++ -Wl,-T -Wl,../src/lscript.ld -L../../IHopethatisthefinalversion_bsp/microblaze_0/lib -mlittle-endian -mcpu=v11.0 -mxl-soft-mul -Wl,--no-relax -Wl,--gc-sections -o "IHopethatisthefinalversion.elf"  ./src/KeyboardAdded.o ./src/Rectangle.o ./src/main.o   -Wl,--start-group,-lxil,-lgcc,-lc,-lstdc++,--end-group
'Finished building target: IHopethatisthefinalversion.elf'
' '
'Invoking: MicroBlaze Print Size'
mb-size IHopethatisthefinalversion.elf  |tee "IHopethatisthefinalversion.elf.size"
   text	   data	    bss	    dec	    hex	filename
  24560	    508	   3452	  28520	   6f68	IHopethatisthefinalversion.elf
'Finished building: IHopethatisthefinalversion.elf.size'
' '
21:54:32 **** Incremental Build of configuration Debug for project IHopethatisthefinalversion ****
make all 
make: Nothing to be done for 'all'.
21:54:48 **** Incremental Build of configuration Debug for project IHopethatisthefinalversion ****
make all 
make: Nothing to be done for 'all'.
21:57:28 **** Auto Build of configuration Debug for project IHopethatisthefinalversion ****
make all 
'Building file: ../src/main.cc'
'Invoking: MicroBlaze g++ compiler'
mb-g++ -Wall -O0 -g3 -c -fmessage-length=0 -MT"src/main.o" -I../../IHopethatisthefinalversion_bsp/microblaze_0/include -mlittle-endian -mcpu=v11.0 -mxl-soft-mul -Wl,--no-relax -ffunction-sections -fdata-sections -MMD -MP -MF"src/main.d" -MT"src/main.o" -o "src/main.o" "../src/main.cc"
../src/main.cc: In function 'int main()':
../src/main.cc:273:5: warning: unused variable 'Index2' [-Wunused-variable]
  u8 Index2;
     ^~~~~~
../src/main.cc:277:5: warning: unused variable 'Keys' [-Wunused-variable]
  u8 Keys[10];
     ^~~~
'Finished building: ../src/main.cc'
' '
'Building target: IHopethatisthefinalversion.elf'
'Invoking: MicroBlaze g++ linker'
mb-g++ -Wl,-T -Wl,../src/lscript.ld -L../../IHopethatisthefinalversion_bsp/microblaze_0/lib -mlittle-endian -mcpu=v11.0 -mxl-soft-mul -Wl,--no-relax -Wl,--gc-sections -o "IHopethatisthefinalversion.elf"  ./src/KeyboardAdded.o ./src/Rectangle.o ./src/main.o   -Wl,--start-group,-lxil,-lgcc,-lc,-lstdc++,--end-group
'Finished building target: IHopethatisthefinalversion.elf'
' '
'Invoking: MicroBlaze Print Size'
mb-size IHopethatisthefinalversion.elf  |tee "IHopethatisthefinalversion.elf.size"
   text	   data	    bss	    dec	    hex	filename
  24588	    508	   3456	  28552	   6f88	IHopethatisthefinalversion.elf
'Finished building: IHopethatisthefinalversion.elf.size'
' '
21:57:40 **** Incremental Build of configuration Debug for project IHopethatisthefinalversion ****
make all 
make: Nothing to be done for 'all'.
21:57:56 **** Incremental Build of configuration Debug for project IHopethatisthefinalversion ****
make all 
make: Nothing to be done for 'all'.
21:58:16 **** Auto Build of configuration Debug for project IHopethatisthefinalversion ****
make all 
'Building file: ../src/main.cc'
'Invoking: MicroBlaze g++ compiler'
mb-g++ -Wall -O0 -g3 -c -fmessage-length=0 -MT"src/main.o" -I../../IHopethatisthefinalversion_bsp/microblaze_0/include -mlittle-endian -mcpu=v11.0 -mxl-soft-mul -Wl,--no-relax -ffunction-sections -fdata-sections -MMD -MP -MF"src/main.d" -MT"src/main.o" -o "src/main.o" "../src/main.cc"
../src/main.cc: In function 'int main()':
../src/main.cc:273:5: warning: unused variable 'Index2' [-Wunused-variable]
  u8 Index2;
     ^~~~~~
../src/main.cc:277:5: warning: unused variable 'Keys' [-Wunused-variable]
  u8 Keys[10];
     ^~~~
'Finished building: ../src/main.cc'
' '
'Building target: IHopethatisthefinalversion.elf'
'Invoking: MicroBlaze g++ linker'
mb-g++ -Wl,-T -Wl,../src/lscript.ld -L../../IHopethatisthefinalversion_bsp/microblaze_0/lib -mlittle-endian -mcpu=v11.0 -mxl-soft-mul -Wl,--no-relax -Wl,--gc-sections -o "IHopethatisthefinalversion.elf"  ./src/KeyboardAdded.o ./src/Rectangle.o ./src/main.o   -Wl,--start-group,-lxil,-lgcc,-lc,-lstdc++,--end-group
'Finished building target: IHopethatisthefinalversion.elf'
' '
'Invoking: MicroBlaze Print Size'
mb-size IHopethatisthefinalversion.elf  |tee "IHopethatisthefinalversion.elf.size"
   text	   data	    bss	    dec	    hex	filename
  24560	    508	   3452	  28520	   6f68	IHopethatisthefinalversion.elf
'Finished building: IHopethatisthefinalversion.elf.size'
' '
22:01:26 **** Auto Build of configuration Debug for project IHopethatisthefinalversion ****
make all 
'Building file: ../src/KeyboardAdded.cc'
'Invoking: MicroBlaze g++ compiler'
mb-g++ -Wall -O0 -g3 -c -fmessage-length=0 -MT"src/KeyboardAdded.o" -I../../IHopethatisthefinalversion_bsp/microblaze_0/include -mlittle-endian -mcpu=v11.0 -mxl-soft-mul -Wl,--no-relax -ffunction-sections -fdata-sections -MMD -MP -MF"src/KeyboardAdded.d" -MT"src/KeyboardAdded.o" -o "src/KeyboardAdded.o" "../src/KeyboardAdded.cc"
In file included from ../src/KeyboardAdded.cc:7:0:
../src/KeyboardAdded.h:68:12: warning: 'pushedKeys' defined but not used [-Wunused-variable]
 static u16 pushedKeys;
            ^~~~~~~~~~
'Finished building: ../src/KeyboardAdded.cc'
' '
'Building target: IHopethatisthefinalversion.elf'
'Invoking: MicroBlaze g++ linker'
mb-g++ -Wl,-T -Wl,../src/lscript.ld -L../../IHopethatisthefinalversion_bsp/microblaze_0/lib -mlittle-endian -mcpu=v11.0 -mxl-soft-mul -Wl,--no-relax -Wl,--gc-sections -o "IHopethatisthefinalversion.elf"  ./src/KeyboardAdded.o ./src/Rectangle.o ./src/main.o   -Wl,--start-group,-lxil,-lgcc,-lc,-lstdc++,--end-group
'Finished building target: IHopethatisthefinalversion.elf'
' '
'Invoking: MicroBlaze Print Size'
mb-size IHopethatisthefinalversion.elf  |tee "IHopethatisthefinalversion.elf.size"
   text	   data	    bss	    dec	    hex	filename
  24544	    508	   3452	  28504	   6f58	IHopethatisthefinalversion.elf
'Finished building: IHopethatisthefinalversion.elf.size'
' '
22:01:33 **** Auto Build of configuration Debug for project IHopethatisthefinalversion ****
make all 
'Building file: ../src/KeyboardAdded.cc'
'Invoking: MicroBlaze g++ compiler'
mb-g++ -Wall -O0 -g3 -c -fmessage-length=0 -MT"src/KeyboardAdded.o" -I../../IHopethatisthefinalversion_bsp/microblaze_0/include -mlittle-endian -mcpu=v11.0 -mxl-soft-mul -Wl,--no-relax -ffunction-sections -fdata-sections -MMD -MP -MF"src/KeyboardAdded.d" -MT"src/KeyboardAdded.o" -o "src/KeyboardAdded.o" "../src/KeyboardAdded.cc"
In file included from ../src/KeyboardAdded.cc:7:0:
../src/KeyboardAdded.h:68:12: warning: 'pushedKeys' defined but not used [-Wunused-variable]
 static u16 pushedKeys;
            ^~~~~~~~~~
'Finished building: ../src/KeyboardAdded.cc'
' '
'Building target: IHopethatisthefinalversion.elf'
'Invoking: MicroBlaze g++ linker'
mb-g++ -Wl,-T -Wl,../src/lscript.ld -L../../IHopethatisthefinalversion_bsp/microblaze_0/lib -mlittle-endian -mcpu=v11.0 -mxl-soft-mul -Wl,--no-relax -Wl,--gc-sections -o "IHopethatisthefinalversion.elf"  ./src/KeyboardAdded.o ./src/Rectangle.o ./src/main.o   -Wl,--start-group,-lxil,-lgcc,-lc,-lstdc++,--end-group
'Finished building target: IHopethatisthefinalversion.elf'
' '
'Invoking: MicroBlaze Print Size'
mb-size IHopethatisthefinalversion.elf  |tee "IHopethatisthefinalversion.elf.size"
   text	   data	    bss	    dec	    hex	filename
  24544	    508	   3452	  28504	   6f58	IHopethatisthefinalversion.elf
'Finished building: IHopethatisthefinalversion.elf.size'
' '
22:01:42 **** Auto Build of configuration Debug for project IHopethatisthefinalversion ****
make all 
'Building file: ../src/KeyboardAdded.cc'
'Invoking: MicroBlaze g++ compiler'
mb-g++ -Wall -O0 -g3 -c -fmessage-length=0 -MT"src/KeyboardAdded.o" -I../../IHopethatisthefinalversion_bsp/microblaze_0/include -mlittle-endian -mcpu=v11.0 -mxl-soft-mul -Wl,--no-relax -ffunction-sections -fdata-sections -MMD -MP -MF"src/KeyboardAdded.d" -MT"src/KeyboardAdded.o" -o "src/KeyboardAdded.o" "../src/KeyboardAdded.cc"
In file included from ../src/KeyboardAdded.cc:7:0:
../src/KeyboardAdded.h:68:12: warning: 'pushedKeys' defined but not used [-Wunused-variable]
 static u16 pushedKeys;
            ^~~~~~~~~~
'Finished building: ../src/KeyboardAdded.cc'
' '
'Building target: IHopethatisthefinalversion.elf'
'Invoking: MicroBlaze g++ linker'
mb-g++ -Wl,-T -Wl,../src/lscript.ld -L../../IHopethatisthefinalversion_bsp/microblaze_0/lib -mlittle-endian -mcpu=v11.0 -mxl-soft-mul -Wl,--no-relax -Wl,--gc-sections -o "IHopethatisthefinalversion.elf"  ./src/KeyboardAdded.o ./src/Rectangle.o ./src/main.o   -Wl,--start-group,-lxil,-lgcc,-lc,-lstdc++,--end-group
'Finished building target: IHopethatisthefinalversion.elf'
' '
'Invoking: MicroBlaze Print Size'
mb-size IHopethatisthefinalversion.elf  |tee "IHopethatisthefinalversion.elf.size"
   text	   data	    bss	    dec	    hex	filename
  24544	    508	   3452	  28504	   6f58	IHopethatisthefinalversion.elf
'Finished building: IHopethatisthefinalversion.elf.size'
' '
22:01:49 **** Auto Build of configuration Debug for project IHopethatisthefinalversion ****
make all 
'Building file: ../src/KeyboardAdded.cc'
'Invoking: MicroBlaze g++ compiler'
mb-g++ -Wall -O0 -g3 -c -fmessage-length=0 -MT"src/KeyboardAdded.o" -I../../IHopethatisthefinalversion_bsp/microblaze_0/include -mlittle-endian -mcpu=v11.0 -mxl-soft-mul -Wl,--no-relax -ffunction-sections -fdata-sections -MMD -MP -MF"src/KeyboardAdded.d" -MT"src/KeyboardAdded.o" -o "src/KeyboardAdded.o" "../src/KeyboardAdded.cc"
In file included from ../src/KeyboardAdded.cc:7:0:
../src/KeyboardAdded.h:68:12: warning: 'pushedKeys' defined but not used [-Wunused-variable]
 static u16 pushedKeys;
            ^~~~~~~~~~
'Finished building: ../src/KeyboardAdded.cc'
' '
'Building target: IHopethatisthefinalversion.elf'
'Invoking: MicroBlaze g++ linker'
mb-g++ -Wl,-T -Wl,../src/lscript.ld -L../../IHopethatisthefinalversion_bsp/microblaze_0/lib -mlittle-endian -mcpu=v11.0 -mxl-soft-mul -Wl,--no-relax -Wl,--gc-sections -o "IHopethatisthefinalversion.elf"  ./src/KeyboardAdded.o ./src/Rectangle.o ./src/main.o   -Wl,--start-group,-lxil,-lgcc,-lc,-lstdc++,--end-group
'Finished building target: IHopethatisthefinalversion.elf'
' '
'Invoking: MicroBlaze Print Size'
mb-size IHopethatisthefinalversion.elf  |tee "IHopethatisthefinalversion.elf.size"
   text	   data	    bss	    dec	    hex	filename
  24544	    508	   3452	  28504	   6f58	IHopethatisthefinalversion.elf
'Finished building: IHopethatisthefinalversion.elf.size'
' '
22:02:03 **** Incremental Build of configuration Debug for project IHopethatisthefinalversion ****
make all 
make: Nothing to be done for 'all'.
22:14:21 **** Auto Build of configuration Debug for project IHopethatisthefinalversion ****
make all 
'Building file: ../src/main.cc'
'Invoking: MicroBlaze g++ compiler'
mb-g++ -Wall -O0 -g3 -c -fmessage-length=0 -MT"src/main.o" -I../../IHopethatisthefinalversion_bsp/microblaze_0/include -mlittle-endian -mcpu=v11.0 -mxl-soft-mul -Wl,--no-relax -ffunction-sections -fdata-sections -MMD -MP -MF"src/main.d" -MT"src/main.o" -o "src/main.o" "../src/main.cc"
../src/main.cc: In function 'int main()':
../src/main.cc:273:5: warning: unused variable 'Index2' [-Wunused-variable]
  u8 Index2;
     ^~~~~~
../src/main.cc:277:5: warning: unused variable 'Keys' [-Wunused-variable]
  u8 Keys[10];
     ^~~~
'Finished building: ../src/main.cc'
' '
'Building target: IHopethatisthefinalversion.elf'
'Invoking: MicroBlaze g++ linker'
mb-g++ -Wl,-T -Wl,../src/lscript.ld -L../../IHopethatisthefinalversion_bsp/microblaze_0/lib -mlittle-endian -mcpu=v11.0 -mxl-soft-mul -Wl,--no-relax -Wl,--gc-sections -o "IHopethatisthefinalversion.elf"  ./src/KeyboardAdded.o ./src/Rectangle.o ./src/main.o   -Wl,--start-group,-lxil,-lgcc,-lc,-lstdc++,--end-group
'Finished building target: IHopethatisthefinalversion.elf'
' '
'Invoking: MicroBlaze Print Size'
mb-size IHopethatisthefinalversion.elf  |tee "IHopethatisthefinalversion.elf.size"
   text	   data	    bss	    dec	    hex	filename
  24544	    508	   3452	  28504	   6f58	IHopethatisthefinalversion.elf
'Finished building: IHopethatisthefinalversion.elf.size'
' '
22:14:23 **** Incremental Build of configuration Debug for project IHopethatisthefinalversion ****
make all 
make: Nothing to be done for 'all'.
22:14:33 **** Auto Build of configuration Debug for project IHopethatisthefinalversion ****
make all 
'Building file: ../src/main.cc'
'Invoking: MicroBlaze g++ compiler'
mb-g++ -Wall -O0 -g3 -c -fmessage-length=0 -MT"src/main.o" -I../../IHopethatisthefinalversion_bsp/microblaze_0/include -mlittle-endian -mcpu=v11.0 -mxl-soft-mul -Wl,--no-relax -ffunction-sections -fdata-sections -MMD -MP -MF"src/main.d" -MT"src/main.o" -o "src/main.o" "../src/main.cc"
../src/main.cc: In function 'int main()':
../src/main.cc:273:5: warning: unused variable 'Index2' [-Wunused-variable]
  u8 Index2;
     ^~~~~~
../src/main.cc:277:5: warning: unused variable 'Keys' [-Wunused-variable]
  u8 Keys[10];
     ^~~~
'Finished building: ../src/main.cc'
' '
'Building target: IHopethatisthefinalversion.elf'
'Invoking: MicroBlaze g++ linker'
mb-g++ -Wl,-T -Wl,../src/lscript.ld -L../../IHopethatisthefinalversion_bsp/microblaze_0/lib -mlittle-endian -mcpu=v11.0 -mxl-soft-mul -Wl,--no-relax -Wl,--gc-sections -o "IHopethatisthefinalversion.elf"  ./src/KeyboardAdded.o ./src/Rectangle.o ./src/main.o   -Wl,--start-group,-lxil,-lgcc,-lc,-lstdc++,--end-group
'Finished building target: IHopethatisthefinalversion.elf'
' '
'Invoking: MicroBlaze Print Size'
mb-size IHopethatisthefinalversion.elf  |tee "IHopethatisthefinalversion.elf.size"
   text	   data	    bss	    dec	    hex	filename
  24544	    508	   3452	  28504	   6f58	IHopethatisthefinalversion.elf
'Finished building: IHopethatisthefinalversion.elf.size'
' '
22:14:58 **** Auto Build of configuration Debug for project IHopethatisthefinalversion ****
make all 
'Building file: ../src/main.cc'
'Invoking: MicroBlaze g++ compiler'
mb-g++ -Wall -O0 -g3 -c -fmessage-length=0 -MT"src/main.o" -I../../IHopethatisthefinalversion_bsp/microblaze_0/include -mlittle-endian -mcpu=v11.0 -mxl-soft-mul -Wl,--no-relax -ffunction-sections -fdata-sections -MMD -MP -MF"src/main.d" -MT"src/main.o" -o "src/main.o" "../src/main.cc"
../src/main.cc: In function 'int main()':
../src/main.cc:273:5: warning: unused variable 'Index2' [-Wunused-variable]
  u8 Index2;
     ^~~~~~
../src/main.cc:277:5: warning: unused variable 'Keys' [-Wunused-variable]
  u8 Keys[10];
     ^~~~
'Finished building: ../src/main.cc'
' '
'Building target: IHopethatisthefinalversion.elf'
'Invoking: MicroBlaze g++ linker'
mb-g++ -Wl,-T -Wl,../src/lscript.ld -L../../IHopethatisthefinalversion_bsp/microblaze_0/lib -mlittle-endian -mcpu=v11.0 -mxl-soft-mul -Wl,--no-relax -Wl,--gc-sections -o "IHopethatisthefinalversion.elf"  ./src/KeyboardAdded.o ./src/Rectangle.o ./src/main.o   -Wl,--start-group,-lxil,-lgcc,-lc,-lstdc++,--end-group
'Finished building target: IHopethatisthefinalversion.elf'
' '
'Invoking: MicroBlaze Print Size'
mb-size IHopethatisthefinalversion.elf  |tee "IHopethatisthefinalversion.elf.size"
   text	   data	    bss	    dec	    hex	filename
  24556	    508	   3464	  28528	   6f70	IHopethatisthefinalversion.elf
'Finished building: IHopethatisthefinalversion.elf.size'
' '
22:14:59 **** Incremental Build of configuration Debug for project IHopethatisthefinalversion ****
make all 
make: Nothing to be done for 'all'.
22:15:18 **** Auto Build of configuration Debug for project IHopethatisthefinalversion ****
make all 
'Building file: ../src/main.cc'
'Invoking: MicroBlaze g++ compiler'
mb-g++ -Wall -O0 -g3 -c -fmessage-length=0 -MT"src/main.o" -I../../IHopethatisthefinalversion_bsp/microblaze_0/include -mlittle-endian -mcpu=v11.0 -mxl-soft-mul -Wl,--no-relax -ffunction-sections -fdata-sections -MMD -MP -MF"src/main.d" -MT"src/main.o" -o "src/main.o" "../src/main.cc"
../src/main.cc: In function 'int main()':
../src/main.cc:273:5: warning: unused variable 'Index2' [-Wunused-variable]
  u8 Index2;
     ^~~~~~
../src/main.cc:277:5: warning: unused variable 'Keys' [-Wunused-variable]
  u8 Keys[10];
     ^~~~
'Finished building: ../src/main.cc'
' '
'Building target: IHopethatisthefinalversion.elf'
'Invoking: MicroBlaze g++ linker'
mb-g++ -Wl,-T -Wl,../src/lscript.ld -L../../IHopethatisthefinalversion_bsp/microblaze_0/lib -mlittle-endian -mcpu=v11.0 -mxl-soft-mul -Wl,--no-relax -Wl,--gc-sections -o "IHopethatisthefinalversion.elf"  ./src/KeyboardAdded.o ./src/Rectangle.o ./src/main.o   -Wl,--start-group,-lxil,-lgcc,-lc,-lstdc++,--end-group
'Finished building target: IHopethatisthefinalversion.elf'
' '
'Invoking: MicroBlaze Print Size'
mb-size IHopethatisthefinalversion.elf  |tee "IHopethatisthefinalversion.elf.size"
   text	   data	    bss	    dec	    hex	filename
  24544	    508	   3452	  28504	   6f58	IHopethatisthefinalversion.elf
'Finished building: IHopethatisthefinalversion.elf.size'
' '
22:15:29 **** Auto Build of configuration Debug for project IHopethatisthefinalversion ****
make all 
'Building file: ../src/main.cc'
'Invoking: MicroBlaze g++ compiler'
mb-g++ -Wall -O0 -g3 -c -fmessage-length=0 -MT"src/main.o" -I../../IHopethatisthefinalversion_bsp/microblaze_0/include -mlittle-endian -mcpu=v11.0 -mxl-soft-mul -Wl,--no-relax -ffunction-sections -fdata-sections -MMD -MP -MF"src/main.d" -MT"src/main.o" -o "src/main.o" "../src/main.cc"
../src/main.cc: In function 'int main()':
../src/main.cc:276:5: warning: unused variable 'Keys' [-Wunused-variable]
  u8 Keys[10];
     ^~~~
'Finished building: ../src/main.cc'
' '
'Building target: IHopethatisthefinalversion.elf'
'Invoking: MicroBlaze g++ linker'
mb-g++ -Wl,-T -Wl,../src/lscript.ld -L../../IHopethatisthefinalversion_bsp/microblaze_0/lib -mlittle-endian -mcpu=v11.0 -mxl-soft-mul -Wl,--no-relax -Wl,--gc-sections -o "IHopethatisthefinalversion.elf"  ./src/KeyboardAdded.o ./src/Rectangle.o ./src/main.o   -Wl,--start-group,-lxil,-lgcc,-lc,-lstdc++,--end-group
'Finished building target: IHopethatisthefinalversion.elf'
' '
'Invoking: MicroBlaze Print Size'
mb-size IHopethatisthefinalversion.elf  |tee "IHopethatisthefinalversion.elf.size"
   text	   data	    bss	    dec	    hex	filename
  24544	    508	   3452	  28504	   6f58	IHopethatisthefinalversion.elf
'Finished building: IHopethatisthefinalversion.elf.size'
' '
22:15:33 **** Auto Build of configuration Debug for project IHopethatisthefinalversion ****
make all 
'Building file: ../src/main.cc'
'Invoking: MicroBlaze g++ compiler'
mb-g++ -Wall -O0 -g3 -c -fmessage-length=0 -MT"src/main.o" -I../../IHopethatisthefinalversion_bsp/microblaze_0/include -mlittle-endian -mcpu=v11.0 -mxl-soft-mul -Wl,--no-relax -ffunction-sections -fdata-sections -MMD -MP -MF"src/main.d" -MT"src/main.o" -o "src/main.o" "../src/main.cc"
'Finished building: ../src/main.cc'
' '
'Building target: IHopethatisthefinalversion.elf'
'Invoking: MicroBlaze g++ linker'
mb-g++ -Wl,-T -Wl,../src/lscript.ld -L../../IHopethatisthefinalversion_bsp/microblaze_0/lib -mlittle-endian -mcpu=v11.0 -mxl-soft-mul -Wl,--no-relax -Wl,--gc-sections -o "IHopethatisthefinalversion.elf"  ./src/KeyboardAdded.o ./src/Rectangle.o ./src/main.o   -Wl,--start-group,-lxil,-lgcc,-lc,-lstdc++,--end-group
'Finished building target: IHopethatisthefinalversion.elf'
' '
'Invoking: MicroBlaze Print Size'
mb-size IHopethatisthefinalversion.elf  |tee "IHopethatisthefinalversion.elf.size"
   text	   data	    bss	    dec	    hex	filename
  24544	    508	   3452	  28504	   6f58	IHopethatisthefinalversion.elf
'Finished building: IHopethatisthefinalversion.elf.size'
' '
22:18:31 **** Auto Build of configuration Debug for project IHopethatisthefinalversion ****
make all 
'Building file: ../src/KeyboardAdded.cc'
'Invoking: MicroBlaze g++ compiler'
mb-g++ -Wall -O0 -g3 -c -fmessage-length=0 -MT"src/KeyboardAdded.o" -I../../IHopethatisthefinalversion_bsp/microblaze_0/include -mlittle-endian -mcpu=v11.0 -mxl-soft-mul -Wl,--no-relax -ffunction-sections -fdata-sections -MMD -MP -MF"src/KeyboardAdded.d" -MT"src/KeyboardAdded.o" -o "src/KeyboardAdded.o" "../src/KeyboardAdded.cc"
In file included from ../src/KeyboardAdded.cc:7:0:
../src/KeyboardAdded.h:68:12: warning: 'pushedKeys' defined but not used [-Wunused-variable]
 static u16 pushedKeys;
            ^~~~~~~~~~
'Finished building: ../src/KeyboardAdded.cc'
' '
'Building target: IHopethatisthefinalversion.elf'
'Invoking: MicroBlaze g++ linker'
mb-g++ -Wl,-T -Wl,../src/lscript.ld -L../../IHopethatisthefinalversion_bsp/microblaze_0/lib -mlittle-endian -mcpu=v11.0 -mxl-soft-mul -Wl,--no-relax -Wl,--gc-sections -o "IHopethatisthefinalversion.elf"  ./src/KeyboardAdded.o ./src/Rectangle.o ./src/main.o   -Wl,--start-group,-lxil,-lgcc,-lc,-lstdc++,--end-group
'Finished building target: IHopethatisthefinalversion.elf'
' '
'Invoking: MicroBlaze Print Size'
mb-size IHopethatisthefinalversion.elf  |tee "IHopethatisthefinalversion.elf.size"
   text	   data	    bss	    dec	    hex	filename
  24544	    508	   3452	  28504	   6f58	IHopethatisthefinalversion.elf
'Finished building: IHopethatisthefinalversion.elf.size'
' '
22:19:32 **** Incremental Build of configuration Debug for project IHopethatisthefinalversion ****
make all 
make: Nothing to be done for 'all'.
22:24:31 **** Auto Build of configuration Debug for project IHopethatisthefinalversion ****
make all 
'Building file: ../src/main.cc'
'Invoking: MicroBlaze g++ compiler'
mb-g++ -Wall -O0 -g3 -c -fmessage-length=0 -MT"src/main.o" -I../../IHopethatisthefinalversion_bsp/microblaze_0/include -mlittle-endian -mcpu=v11.0 -mxl-soft-mul -Wl,--no-relax -ffunction-sections -fdata-sections -MMD -MP -MF"src/main.d" -MT"src/main.o" -o "src/main.o" "../src/main.cc"
'Finished building: ../src/main.cc'
' '
'Building target: IHopethatisthefinalversion.elf'
'Invoking: MicroBlaze g++ linker'
mb-g++ -Wl,-T -Wl,../src/lscript.ld -L../../IHopethatisthefinalversion_bsp/microblaze_0/lib -mlittle-endian -mcpu=v11.0 -mxl-soft-mul -Wl,--no-relax -Wl,--gc-sections -o "IHopethatisthefinalversion.elf"  ./src/KeyboardAdded.o ./src/Rectangle.o ./src/main.o   -Wl,--start-group,-lxil,-lgcc,-lc,-lstdc++,--end-group
'Finished building target: IHopethatisthefinalversion.elf'
' '
'Invoking: MicroBlaze Print Size'
mb-size IHopethatisthefinalversion.elf  |tee "IHopethatisthefinalversion.elf.size"
   text	   data	    bss	    dec	    hex	filename
  24536	    508	   3452	  28496	   6f50	IHopethatisthefinalversion.elf
'Finished building: IHopethatisthefinalversion.elf.size'
' '
22:24:38 **** Incremental Build of configuration Debug for project IHopethatisthefinalversion ****
make all 
make: Nothing to be done for 'all'.
22:25:31 **** Auto Build of configuration Debug for project IHopethatisthefinalversion ****
make all 
'Building file: ../src/main.cc'
'Invoking: MicroBlaze g++ compiler'
mb-g++ -Wall -O0 -g3 -c -fmessage-length=0 -MT"src/main.o" -I../../IHopethatisthefinalversion_bsp/microblaze_0/include -mlittle-endian -mcpu=v11.0 -mxl-soft-mul -Wl,--no-relax -ffunction-sections -fdata-sections -MMD -MP -MF"src/main.d" -MT"src/main.o" -o "src/main.o" "../src/main.cc"
'Finished building: ../src/main.cc'
' '
'Building target: IHopethatisthefinalversion.elf'
'Invoking: MicroBlaze g++ linker'
mb-g++ -Wl,-T -Wl,../src/lscript.ld -L../../IHopethatisthefinalversion_bsp/microblaze_0/lib -mlittle-endian -mcpu=v11.0 -mxl-soft-mul -Wl,--no-relax -Wl,--gc-sections -o "IHopethatisthefinalversion.elf"  ./src/KeyboardAdded.o ./src/Rectangle.o ./src/main.o   -Wl,--start-group,-lxil,-lgcc,-lc,-lstdc++,--end-group
'Finished building target: IHopethatisthefinalversion.elf'
' '
'Invoking: MicroBlaze Print Size'
mb-size IHopethatisthefinalversion.elf  |tee "IHopethatisthefinalversion.elf.size"
   text	   data	    bss	    dec	    hex	filename
  24536	    508	   3452	  28496	   6f50	IHopethatisthefinalversion.elf
'Finished building: IHopethatisthefinalversion.elf.size'
' '
22:25:33 **** Incremental Build of configuration Debug for project IHopethatisthefinalversion ****
make all 
make: Nothing to be done for 'all'.
22:25:55 **** Auto Build of configuration Debug for project IHopethatisthefinalversion ****
make all 
'Building file: ../src/main.cc'
'Invoking: MicroBlaze g++ compiler'
mb-g++ -Wall -O0 -g3 -c -fmessage-length=0 -MT"src/main.o" -I../../IHopethatisthefinalversion_bsp/microblaze_0/include -mlittle-endian -mcpu=v11.0 -mxl-soft-mul -Wl,--no-relax -ffunction-sections -fdata-sections -MMD -MP -MF"src/main.d" -MT"src/main.o" -o "src/main.o" "../src/main.cc"
'Finished building: ../src/main.cc'
' '
'Building target: IHopethatisthefinalversion.elf'
'Invoking: MicroBlaze g++ linker'
mb-g++ -Wl,-T -Wl,../src/lscript.ld -L../../IHopethatisthefinalversion_bsp/microblaze_0/lib -mlittle-endian -mcpu=v11.0 -mxl-soft-mul -Wl,--no-relax -Wl,--gc-sections -o "IHopethatisthefinalversion.elf"  ./src/KeyboardAdded.o ./src/Rectangle.o ./src/main.o   -Wl,--start-group,-lxil,-lgcc,-lc,-lstdc++,--end-group
'Finished building target: IHopethatisthefinalversion.elf'
' '
'Invoking: MicroBlaze Print Size'
mb-size IHopethatisthefinalversion.elf  |tee "IHopethatisthefinalversion.elf.size"
   text	   data	    bss	    dec	    hex	filename
  24544	    508	   3452	  28504	   6f58	IHopethatisthefinalversion.elf
'Finished building: IHopethatisthefinalversion.elf.size'
' '
22:25:57 **** Incremental Build of configuration Debug for project IHopethatisthefinalversion ****
make all 
make: Nothing to be done for 'all'.
22:27:15 **** Auto Build of configuration Debug for project IHopethatisthefinalversion ****
make all 
'Building file: ../src/main.cc'
'Invoking: MicroBlaze g++ compiler'
mb-g++ -Wall -O0 -g3 -c -fmessage-length=0 -MT"src/main.o" -I../../IHopethatisthefinalversion_bsp/microblaze_0/include -mlittle-endian -mcpu=v11.0 -mxl-soft-mul -Wl,--no-relax -ffunction-sections -fdata-sections -MMD -MP -MF"src/main.d" -MT"src/main.o" -o "src/main.o" "../src/main.cc"
'Finished building: ../src/main.cc'
' '
'Building target: IHopethatisthefinalversion.elf'
'Invoking: MicroBlaze g++ linker'
mb-g++ -Wl,-T -Wl,../src/lscript.ld -L../../IHopethatisthefinalversion_bsp/microblaze_0/lib -mlittle-endian -mcpu=v11.0 -mxl-soft-mul -Wl,--no-relax -Wl,--gc-sections -o "IHopethatisthefinalversion.elf"  ./src/KeyboardAdded.o ./src/Rectangle.o ./src/main.o   -Wl,--start-group,-lxil,-lgcc,-lc,-lstdc++,--end-group
'Finished building target: IHopethatisthefinalversion.elf'
' '
'Invoking: MicroBlaze Print Size'
mb-size IHopethatisthefinalversion.elf  |tee "IHopethatisthefinalversion.elf.size"
   text	   data	    bss	    dec	    hex	filename
  24564	    508	   3456	  28528	   6f70	IHopethatisthefinalversion.elf
'Finished building: IHopethatisthefinalversion.elf.size'
' '
22:27:16 **** Incremental Build of configuration Debug for project IHopethatisthefinalversion ****
make all 
make: Nothing to be done for 'all'.
22:27:32 **** Auto Build of configuration Debug for project IHopethatisthefinalversion ****
make all 
'Building file: ../src/main.cc'
'Invoking: MicroBlaze g++ compiler'
mb-g++ -Wall -O0 -g3 -c -fmessage-length=0 -MT"src/main.o" -I../../IHopethatisthefinalversion_bsp/microblaze_0/include -mlittle-endian -mcpu=v11.0 -mxl-soft-mul -Wl,--no-relax -ffunction-sections -fdata-sections -MMD -MP -MF"src/main.d" -MT"src/main.o" -o "src/main.o" "../src/main.cc"
'Finished building: ../src/main.cc'
' '
'Building target: IHopethatisthefinalversion.elf'
'Invoking: MicroBlaze g++ linker'
mb-g++ -Wl,-T -Wl,../src/lscript.ld -L../../IHopethatisthefinalversion_bsp/microblaze_0/lib -mlittle-endian -mcpu=v11.0 -mxl-soft-mul -Wl,--no-relax -Wl,--gc-sections -o "IHopethatisthefinalversion.elf"  ./src/KeyboardAdded.o ./src/Rectangle.o ./src/main.o   -Wl,--start-group,-lxil,-lgcc,-lc,-lstdc++,--end-group
'Finished building target: IHopethatisthefinalversion.elf'
' '
'Invoking: MicroBlaze Print Size'
mb-size IHopethatisthefinalversion.elf  |tee "IHopethatisthefinalversion.elf.size"
   text	   data	    bss	    dec	    hex	filename
  24584	    508	   3452	  28544	   6f80	IHopethatisthefinalversion.elf
'Finished building: IHopethatisthefinalversion.elf.size'
' '
22:27:50 **** Incremental Build of configuration Debug for project IHopethatisthefinalversion ****
make all 
make: Nothing to be done for 'all'.
22:28:21 **** Auto Build of configuration Debug for project IHopethatisthefinalversion ****
make all 
'Building file: ../src/main.cc'
'Invoking: MicroBlaze g++ compiler'
mb-g++ -Wall -O0 -g3 -c -fmessage-length=0 -MT"src/main.o" -I../../IHopethatisthefinalversion_bsp/microblaze_0/include -mlittle-endian -mcpu=v11.0 -mxl-soft-mul -Wl,--no-relax -ffunction-sections -fdata-sections -MMD -MP -MF"src/main.d" -MT"src/main.o" -o "src/main.o" "../src/main.cc"
'Finished building: ../src/main.cc'
' '
'Building target: IHopethatisthefinalversion.elf'
'Invoking: MicroBlaze g++ linker'
mb-g++ -Wl,-T -Wl,../src/lscript.ld -L../../IHopethatisthefinalversion_bsp/microblaze_0/lib -mlittle-endian -mcpu=v11.0 -mxl-soft-mul -Wl,--no-relax -Wl,--gc-sections -o "IHopethatisthefinalversion.elf"  ./src/KeyboardAdded.o ./src/Rectangle.o ./src/main.o   -Wl,--start-group,-lxil,-lgcc,-lc,-lstdc++,--end-group
'Finished building target: IHopethatisthefinalversion.elf'
' '
'Invoking: MicroBlaze Print Size'
mb-size IHopethatisthefinalversion.elf  |tee "IHopethatisthefinalversion.elf.size"
   text	   data	    bss	    dec	    hex	filename
  24544	    508	   3452	  28504	   6f58	IHopethatisthefinalversion.elf
'Finished building: IHopethatisthefinalversion.elf.size'
' '
22:29:45 **** Auto Build of configuration Debug for project IHopethatisthefinalversion ****
make all 
'Building file: ../src/main.cc'
'Invoking: MicroBlaze g++ compiler'
mb-g++ -Wall -O0 -g3 -c -fmessage-length=0 -MT"src/main.o" -I../../IHopethatisthefinalversion_bsp/microblaze_0/include -mlittle-endian -mcpu=v11.0 -mxl-soft-mul -Wl,--no-relax -ffunction-sections -fdata-sections -MMD -MP -MF"src/main.d" -MT"src/main.o" -o "src/main.o" "../src/main.cc"
'Finished building: ../src/main.cc'
' '
'Building target: IHopethatisthefinalversion.elf'
'Invoking: MicroBlaze g++ linker'
mb-g++ -Wl,-T -Wl,../src/lscript.ld -L../../IHopethatisthefinalversion_bsp/microblaze_0/lib -mlittle-endian -mcpu=v11.0 -mxl-soft-mul -Wl,--no-relax -Wl,--gc-sections -o "IHopethatisthefinalversion.elf"  ./src/KeyboardAdded.o ./src/Rectangle.o ./src/main.o   -Wl,--start-group,-lxil,-lgcc,-lc,-lstdc++,--end-group
'Finished building target: IHopethatisthefinalversion.elf'
' '
'Invoking: MicroBlaze Print Size'
mb-size IHopethatisthefinalversion.elf  |tee "IHopethatisthefinalversion.elf.size"
   text	   data	    bss	    dec	    hex	filename
  24540	    508	   3456	  28504	   6f58	IHopethatisthefinalversion.elf
'Finished building: IHopethatisthefinalversion.elf.size'
' '
22:29:47 **** Incremental Build of configuration Debug for project IHopethatisthefinalversion ****
make all 
make: Nothing to be done for 'all'.
22:30:15 **** Incremental Build of configuration Debug for project IHopethatisthefinalversion ****
make all 
make: Nothing to be done for 'all'.
22:33:50 **** Auto Build of configuration Debug for project IHopethatisthefinalversion ****
make all 
'Building file: ../src/Rectangle.cc'
'Invoking: MicroBlaze g++ compiler'
mb-g++ -Wall -O0 -g3 -c -fmessage-length=0 -MT"src/Rectangle.o" -I../../IHopethatisthefinalversion_bsp/microblaze_0/include -mlittle-endian -mcpu=v11.0 -mxl-soft-mul -Wl,--no-relax -ffunction-sections -fdata-sections -MMD -MP -MF"src/Rectangle.d" -MT"src/Rectangle.o" -o "src/Rectangle.o" "../src/Rectangle.cc"
'Finished building: ../src/Rectangle.cc'
' '
'Building file: ../src/main.cc'
'Invoking: MicroBlaze g++ compiler'
mb-g++ -Wall -O0 -g3 -c -fmessage-length=0 -MT"src/main.o" -I../../IHopethatisthefinalversion_bsp/microblaze_0/include -mlittle-endian -mcpu=v11.0 -mxl-soft-mul -Wl,--no-relax -ffunction-sections -fdata-sections -MMD -MP -MF"src/main.d" -MT"src/main.o" -o "src/main.o" "../src/main.cc"
'Finished building: ../src/main.cc'
' '
'Building target: IHopethatisthefinalversion.elf'
'Invoking: MicroBlaze g++ linker'
mb-g++ -Wl,-T -Wl,../src/lscript.ld -L../../IHopethatisthefinalversion_bsp/microblaze_0/lib -mlittle-endian -mcpu=v11.0 -mxl-soft-mul -Wl,--no-relax -Wl,--gc-sections -o "IHopethatisthefinalversion.elf"  ./src/KeyboardAdded.o ./src/Rectangle.o ./src/main.o   -Wl,--start-group,-lxil,-lgcc,-lc,-lstdc++,--end-group
'Finished building target: IHopethatisthefinalversion.elf'
' '
'Invoking: MicroBlaze Print Size'
mb-size IHopethatisthefinalversion.elf  |tee "IHopethatisthefinalversion.elf.size"
   text	   data	    bss	    dec	    hex	filename
  24540	    508	   3456	  28504	   6f58	IHopethatisthefinalversion.elf
'Finished building: IHopethatisthefinalversion.elf.size'
' '
22:33:53 **** Incremental Build of configuration Debug for project IHopethatisthefinalversion ****
make all 
make: Nothing to be done for 'all'.
22:34:20 **** Auto Build of configuration Debug for project IHopethatisthefinalversion ****
make all 
'Building file: ../src/Rectangle.cc'
'Invoking: MicroBlaze g++ compiler'
mb-g++ -Wall -O0 -g3 -c -fmessage-length=0 -MT"src/Rectangle.o" -I../../IHopethatisthefinalversion_bsp/microblaze_0/include -mlittle-endian -mcpu=v11.0 -mxl-soft-mul -Wl,--no-relax -ffunction-sections -fdata-sections -MMD -MP -MF"src/Rectangle.d" -MT"src/Rectangle.o" -o "src/Rectangle.o" "../src/Rectangle.cc"
'Finished building: ../src/Rectangle.cc'
' '
'Building file: ../src/main.cc'
'Invoking: MicroBlaze g++ compiler'
mb-g++ -Wall -O0 -g3 -c -fmessage-length=0 -MT"src/main.o" -I../../IHopethatisthefinalversion_bsp/microblaze_0/include -mlittle-endian -mcpu=v11.0 -mxl-soft-mul -Wl,--no-relax -ffunction-sections -fdata-sections -MMD -MP -MF"src/main.d" -MT"src/main.o" -o "src/main.o" "../src/main.cc"
'Finished building: ../src/main.cc'
' '
'Building target: IHopethatisthefinalversion.elf'
'Invoking: MicroBlaze g++ linker'
mb-g++ -Wl,-T -Wl,../src/lscript.ld -L../../IHopethatisthefinalversion_bsp/microblaze_0/lib -mlittle-endian -mcpu=v11.0 -mxl-soft-mul -Wl,--no-relax -Wl,--gc-sections -o "IHopethatisthefinalversion.elf"  ./src/KeyboardAdded.o ./src/Rectangle.o ./src/main.o   -Wl,--start-group,-lxil,-lgcc,-lc,-lstdc++,--end-group
'Finished building target: IHopethatisthefinalversion.elf'
' '
'Invoking: MicroBlaze Print Size'
mb-size IHopethatisthefinalversion.elf  |tee "IHopethatisthefinalversion.elf.size"
   text	   data	    bss	    dec	    hex	filename
  24540	    508	   3456	  28504	   6f58	IHopethatisthefinalversion.elf
'Finished building: IHopethatisthefinalversion.elf.size'
' '
22:34:21 **** Incremental Build of configuration Debug for project IHopethatisthefinalversion ****
make all 
make: Nothing to be done for 'all'.
22:34:31 **** Auto Build of configuration Debug for project IHopethatisthefinalversion ****
make all 
'Building file: ../src/Rectangle.cc'
'Invoking: MicroBlaze g++ compiler'
mb-g++ -Wall -O0 -g3 -c -fmessage-length=0 -MT"src/Rectangle.o" -I../../IHopethatisthefinalversion_bsp/microblaze_0/include -mlittle-endian -mcpu=v11.0 -mxl-soft-mul -Wl,--no-relax -ffunction-sections -fdata-sections -MMD -MP -MF"src/Rectangle.d" -MT"src/Rectangle.o" -o "src/Rectangle.o" "../src/Rectangle.cc"
'Finished building: ../src/Rectangle.cc'
' '
'Building file: ../src/main.cc'
'Invoking: MicroBlaze g++ compiler'
mb-g++ -Wall -O0 -g3 -c -fmessage-length=0 -MT"src/main.o" -I../../IHopethatisthefinalversion_bsp/microblaze_0/include -mlittle-endian -mcpu=v11.0 -mxl-soft-mul -Wl,--no-relax -ffunction-sections -fdata-sections -MMD -MP -MF"src/main.d" -MT"src/main.o" -o "src/main.o" "../src/main.cc"
'Finished building: ../src/main.cc'
' '
'Building target: IHopethatisthefinalversion.elf'
'Invoking: MicroBlaze g++ linker'
mb-g++ -Wl,-T -Wl,../src/lscript.ld -L../../IHopethatisthefinalversion_bsp/microblaze_0/lib -mlittle-endian -mcpu=v11.0 -mxl-soft-mul -Wl,--no-relax -Wl,--gc-sections -o "IHopethatisthefinalversion.elf"  ./src/KeyboardAdded.o ./src/Rectangle.o ./src/main.o   -Wl,--start-group,-lxil,-lgcc,-lc,-lstdc++,--end-group
'Finished building target: IHopethatisthefinalversion.elf'
' '
'Invoking: MicroBlaze Print Size'
mb-size IHopethatisthefinalversion.elf  |tee "IHopethatisthefinalversion.elf.size"
   text	   data	    bss	    dec	    hex	filename
  24540	    508	   3456	  28504	   6f58	IHopethatisthefinalversion.elf
'Finished building: IHopethatisthefinalversion.elf.size'
' '
22:34:33 **** Incremental Build of configuration Debug for project IHopethatisthefinalversion ****
make all 
make: Nothing to be done for 'all'.
22:39:25 **** Incremental Build of configuration Debug for project IHopethatisthefinalversion ****
make all 
make: Nothing to be done for 'all'.
22:40:31 **** Auto Build of configuration Debug for project IHopethatisthefinalversion ****
make all 
'Building file: ../src/main.cc'
'Invoking: MicroBlaze g++ compiler'
mb-g++ -Wall -O0 -g3 -c -fmessage-length=0 -MT"src/main.o" -I../../IHopethatisthefinalversion_bsp/microblaze_0/include -mlittle-endian -mcpu=v11.0 -mxl-soft-mul -Wl,--no-relax -ffunction-sections -fdata-sections -MMD -MP -MF"src/main.d" -MT"src/main.o" -o "src/main.o" "../src/main.cc"
'Finished building: ../src/main.cc'
' '
'Building target: IHopethatisthefinalversion.elf'
'Invoking: MicroBlaze g++ linker'
mb-g++ -Wl,-T -Wl,../src/lscript.ld -L../../IHopethatisthefinalversion_bsp/microblaze_0/lib -mlittle-endian -mcpu=v11.0 -mxl-soft-mul -Wl,--no-relax -Wl,--gc-sections -o "IHopethatisthefinalversion.elf"  ./src/KeyboardAdded.o ./src/Rectangle.o ./src/main.o   -Wl,--start-group,-lxil,-lgcc,-lc,-lstdc++,--end-group
'Finished building target: IHopethatisthefinalversion.elf'
' '
'Invoking: MicroBlaze Print Size'
mb-size IHopethatisthefinalversion.elf  |tee "IHopethatisthefinalversion.elf.size"
   text	   data	    bss	    dec	    hex	filename
  24540	    508	   3456	  28504	   6f58	IHopethatisthefinalversion.elf
'Finished building: IHopethatisthefinalversion.elf.size'
' '
22:40:33 **** Incremental Build of configuration Debug for project IHopethatisthefinalversion ****
make all 
make: Nothing to be done for 'all'.
22:40:45 **** Incremental Build of configuration Debug for project IHopethatisthefinalversion ****
make all 
make: Nothing to be done for 'all'.
22:41:35 **** Incremental Build of configuration Debug for project IHopethatisthefinalversion ****
make all 
make: Nothing to be done for 'all'.
22:42:50 **** Auto Build of configuration Debug for project IHopethatisthefinalversion ****
make all 
'Building file: ../src/main.cc'
'Invoking: MicroBlaze g++ compiler'
mb-g++ -Wall -O0 -g3 -c -fmessage-length=0 -MT"src/main.o" -I../../IHopethatisthefinalversion_bsp/microblaze_0/include -mlittle-endian -mcpu=v11.0 -mxl-soft-mul -Wl,--no-relax -ffunction-sections -fdata-sections -MMD -MP -MF"src/main.d" -MT"src/main.o" -o "src/main.o" "../src/main.cc"
'Finished building: ../src/main.cc'
' '
'Building target: IHopethatisthefinalversion.elf'
'Invoking: MicroBlaze g++ linker'
mb-g++ -Wl,-T -Wl,../src/lscript.ld -L../../IHopethatisthefinalversion_bsp/microblaze_0/lib -mlittle-endian -mcpu=v11.0 -mxl-soft-mul -Wl,--no-relax -Wl,--gc-sections -o "IHopethatisthefinalversion.elf"  ./src/KeyboardAdded.o ./src/Rectangle.o ./src/main.o   -Wl,--start-group,-lxil,-lgcc,-lc,-lstdc++,--end-group
'Finished building target: IHopethatisthefinalversion.elf'
' '
'Invoking: MicroBlaze Print Size'
mb-size IHopethatisthefinalversion.elf  |tee "IHopethatisthefinalversion.elf.size"
   text	   data	    bss	    dec	    hex	filename
  24424	    508	   3452	  28384	   6ee0	IHopethatisthefinalversion.elf
'Finished building: IHopethatisthefinalversion.elf.size'
' '
22:42:52 **** Incremental Build of configuration Debug for project IHopethatisthefinalversion ****
make all 
make: Nothing to be done for 'all'.
22:43:27 **** Auto Build of configuration Debug for project IHopethatisthefinalversion ****
make all 
'Building file: ../src/main.cc'
'Invoking: MicroBlaze g++ compiler'
mb-g++ -Wall -O0 -g3 -c -fmessage-length=0 -MT"src/main.o" -I../../IHopethatisthefinalversion_bsp/microblaze_0/include -mlittle-endian -mcpu=v11.0 -mxl-soft-mul -Wl,--no-relax -ffunction-sections -fdata-sections -MMD -MP -MF"src/main.d" -MT"src/main.o" -o "src/main.o" "../src/main.cc"
'Finished building: ../src/main.cc'
' '
'Building target: IHopethatisthefinalversion.elf'
'Invoking: MicroBlaze g++ linker'
mb-g++ -Wl,-T -Wl,../src/lscript.ld -L../../IHopethatisthefinalversion_bsp/microblaze_0/lib -mlittle-endian -mcpu=v11.0 -mxl-soft-mul -Wl,--no-relax -Wl,--gc-sections -o "IHopethatisthefinalversion.elf"  ./src/KeyboardAdded.o ./src/Rectangle.o ./src/main.o   -Wl,--start-group,-lxil,-lgcc,-lc,-lstdc++,--end-group
'Finished building target: IHopethatisthefinalversion.elf'
' '
'Invoking: MicroBlaze Print Size'
mb-size IHopethatisthefinalversion.elf  |tee "IHopethatisthefinalversion.elf.size"
   text	   data	    bss	    dec	    hex	filename
  24444	    508	   3456	  28408	   6ef8	IHopethatisthefinalversion.elf
'Finished building: IHopethatisthefinalversion.elf.size'
' '
22:43:33 **** Incremental Build of configuration Debug for project IHopethatisthefinalversion ****
make all 
make: Nothing to be done for 'all'.
22:43:48 **** Auto Build of configuration Debug for project IHopethatisthefinalversion ****
make all 
'Building file: ../src/main.cc'
'Invoking: MicroBlaze g++ compiler'
mb-g++ -Wall -O0 -g3 -c -fmessage-length=0 -MT"src/main.o" -I../../IHopethatisthefinalversion_bsp/microblaze_0/include -mlittle-endian -mcpu=v11.0 -mxl-soft-mul -Wl,--no-relax -ffunction-sections -fdata-sections -MMD -MP -MF"src/main.d" -MT"src/main.o" -o "src/main.o" "../src/main.cc"
'Finished building: ../src/main.cc'
' '
'Building target: IHopethatisthefinalversion.elf'
'Invoking: MicroBlaze g++ linker'
mb-g++ -Wl,-T -Wl,../src/lscript.ld -L../../IHopethatisthefinalversion_bsp/microblaze_0/lib -mlittle-endian -mcpu=v11.0 -mxl-soft-mul -Wl,--no-relax -Wl,--gc-sections -o "IHopethatisthefinalversion.elf"  ./src/KeyboardAdded.o ./src/Rectangle.o ./src/main.o   -Wl,--start-group,-lxil,-lgcc,-lc,-lstdc++,--end-group
'Finished building target: IHopethatisthefinalversion.elf'
' '
'Invoking: MicroBlaze Print Size'
mb-size IHopethatisthefinalversion.elf  |tee "IHopethatisthefinalversion.elf.size"
   text	   data	    bss	    dec	    hex	filename
  24540	    508	   3456	  28504	   6f58	IHopethatisthefinalversion.elf
'Finished building: IHopethatisthefinalversion.elf.size'
' '
22:44:54 **** Auto Build of configuration Debug for project IHopethatisthefinalversion ****
make all 
'Building file: ../src/main.cc'
'Invoking: MicroBlaze g++ compiler'
mb-g++ -Wall -O0 -g3 -c -fmessage-length=0 -MT"src/main.o" -I../../IHopethatisthefinalversion_bsp/microblaze_0/include -mlittle-endian -mcpu=v11.0 -mxl-soft-mul -Wl,--no-relax -ffunction-sections -fdata-sections -MMD -MP -MF"src/main.d" -MT"src/main.o" -o "src/main.o" "../src/main.cc"
'Finished building: ../src/main.cc'
' '
'Building target: IHopethatisthefinalversion.elf'
'Invoking: MicroBlaze g++ linker'
[...]
'Finished building target: IHopethatisthefinalversion.elf'
' '
'Invoking: MicroBlaze Print Size'
mb-size IHopethatisthefinalversion.elf  |tee "IHopethatisthefinalversion.elf.size"
   text	   data	    bss	    dec	    hex	filename
  24944	    508	   3452	  28904	   70e8	IHopethatisthefinalversion.elf
'Finished building: IHopethatisthefinalversion.elf.size'
' '
23:07:22 **** Incremental Build of configuration Debug for project IHopethatisthefinalversion ****
make all 
make: Nothing to be done for 'all'.
23:08:49 **** Auto Build of configuration Debug for project IHopethatisthefinalversion ****
make all 
'Building file: ../src/main.cc'
'Invoking: MicroBlaze g++ compiler'
mb-g++ -Wall -O0 -g3 -c -fmessage-length=0 -MT"src/main.o" -I../../IHopethatisthefinalversion_bsp/microblaze_0/include -mlittle-endian -mcpu=v11.0 -mxl-soft-mul -Wl,--no-relax -ffunction-sections -fdata-sections -MMD -MP -MF"src/main.d" -MT"src/main.o" -o "src/main.o" "../src/main.cc"
'Finished building: ../src/main.cc'
' '
'Building target: IHopethatisthefinalversion.elf'
'Invoking: MicroBlaze g++ linker'
mb-g++ -Wl,-T -Wl,../src/lscript.ld -L../../IHopethatisthefinalversion_bsp/microblaze_0/lib -mlittle-endian -mcpu=v11.0 -mxl-soft-mul -Wl,--no-relax -Wl,--gc-sections -o "IHopethatisthefinalversion.elf"  ./src/KeyboardAdded.o ./src/Rectangle.o ./src/main.o   -Wl,--start-group,-lxil,-lgcc,-lc,-lstdc++,--end-group
'Finished building target: IHopethatisthefinalversion.elf'
' '
'Invoking: MicroBlaze Print Size'
mb-size IHopethatisthefinalversion.elf  |tee "IHopethatisthefinalversion.elf.size"
   text	   data	    bss	    dec	    hex	filename
  25168	    508	   3452	  29128	   71c8	IHopethatisthefinalversion.elf
'Finished building: IHopethatisthefinalversion.elf.size'
' '
23:08:51 **** Incremental Build of configuration Debug for project IHopethatisthefinalversion ****
make all 
make: Nothing to be done for 'all'.
23:09:14 **** Incremental Build of configuration Debug for project IHopethatisthefinalversion ****
make all 
make: Nothing to be done for 'all'.
23:09:29 **** Incremental Build of configuration Debug for project IHopethatisthefinalversion ****
make all 
make: Nothing to be done for 'all'.
23:10:34 **** Auto Build of configuration Debug for project IHopethatisthefinalversion ****
make all 
'Building file: ../src/main.cc'
'Invoking: MicroBlaze g++ compiler'
mb-g++ -Wall -O0 -g3 -c -fmessage-length=0 -MT"src/main.o" -I../../IHopethatisthefinalversion_bsp/microblaze_0/include -mlittle-endian -mcpu=v11.0 -mxl-soft-mul -Wl,--no-relax -ffunction-sections -fdata-sections -MMD -MP -MF"src/main.d" -MT"src/main.o" -o "src/main.o" "../src/main.cc"
'Finished building: ../src/main.cc'
' '
'Building target: IHopethatisthefinalversion.elf'
'Invoking: MicroBlaze g++ linker'
mb-g++ -Wl,-T -Wl,../src/lscript.ld -L../../IHopethatisthefinalversion_bsp/microblaze_0/lib -mlittle-endian -mcpu=v11.0 -mxl-soft-mul -Wl,--no-relax -Wl,--gc-sections -o "IHopethatisthefinalversion.elf"  ./src/KeyboardAdded.o ./src/Rectangle.o ./src/main.o   -Wl,--start-group,-lxil,-lgcc,-lc,-lstdc++,--end-group
'Finished building target: IHopethatisthefinalversion.elf'
' '
'Invoking: MicroBlaze Print Size'
mb-size IHopethatisthefinalversion.elf  |tee "IHopethatisthefinalversion.elf.size"
   text	   data	    bss	    dec	    hex	filename
  25168	    508	   3452	  29128	   71c8	IHopethatisthefinalversion.elf
'Finished building: IHopethatisthefinalversion.elf.size'
' '
23:10:36 **** Incremental Build of configuration Debug for project IHopethatisthefinalversion ****
make all 
make: Nothing to be done for 'all'.
23:14:27 **** Auto Build of configuration Debug for project IHopethatisthefinalversion ****
make all 
'Building file: ../src/main.cc'
'Invoking: MicroBlaze g++ compiler'
mb-g++ -Wall -O0 -g3 -c -fmessage-length=0 -MT"src/main.o" -I../../IHopethatisthefinalversion_bsp/microblaze_0/include -mlittle-endian -mcpu=v11.0 -mxl-soft-mul -Wl,--no-relax -ffunction-sections -fdata-sections -MMD -MP -MF"src/main.d" -MT"src/main.o" -o "src/main.o" "../src/main.cc"
'Finished building: ../src/main.cc'
' '
'Building target: IHopethatisthefinalversion.elf'
'Invoking: MicroBlaze g++ linker'
mb-g++ -Wl,-T -Wl,../src/lscript.ld -L../../IHopethatisthefinalversion_bsp/microblaze_0/lib -mlittle-endian -mcpu=v11.0 -mxl-soft-mul -Wl,--no-relax -Wl,--gc-sections -o "IHopethatisthefinalversion.elf"  ./src/KeyboardAdded.o ./src/Rectangle.o ./src/main.o   -Wl,--start-group,-lxil,-lgcc,-lc,-lstdc++,--end-group
'Finished building target: IHopethatisthefinalversion.elf'
' '
'Invoking: MicroBlaze Print Size'
mb-size IHopethatisthefinalversion.elf  |tee "IHopethatisthefinalversion.elf.size"
   text	   data	    bss	    dec	    hex	filename
  25160	    508	   3452	  29120	   71c0	IHopethatisthefinalversion.elf
'Finished building: IHopethatisthefinalversion.elf.size'
' '
23:14:29 **** Incremental Build of configuration Debug for project IHopethatisthefinalversion ****
make all 
make: Nothing to be done for 'all'.
23:17:49 **** Auto Build of configuration Debug for project IHopethatisthefinalversion ****
make all 
'Building file: ../src/main.cc'
'Invoking: MicroBlaze g++ compiler'
mb-g++ -Wall -O0 -g3 -c -fmessage-length=0 -MT"src/main.o" -I../../IHopethatisthefinalversion_bsp/microblaze_0/include -mlittle-endian -mcpu=v11.0 -mxl-soft-mul -Wl,--no-relax -ffunction-sections -fdata-sections -MMD -MP -MF"src/main.d" -MT"src/main.o" -o "src/main.o" "../src/main.cc"
'Finished building: ../src/main.cc'
' '
'Building target: IHopethatisthefinalversion.elf'
'Invoking: MicroBlaze g++ linker'
mb-g++ -Wl,-T -Wl,../src/lscript.ld -L../../IHopethatisthefinalversion_bsp/microblaze_0/lib -mlittle-endian -mcpu=v11.0 -mxl-soft-mul -Wl,--no-relax -Wl,--gc-sections -o "IHopethatisthefinalversion.elf"  ./src/KeyboardAdded.o ./src/Rectangle.o ./src/main.o   -Wl,--start-group,-lxil,-lgcc,-lc,-lstdc++,--end-group
'Finished building target: IHopethatisthefinalversion.elf'
' '
'Invoking: MicroBlaze Print Size'
mb-size IHopethatisthefinalversion.elf  |tee "IHopethatisthefinalversion.elf.size"
   text	   data	    bss	    dec	    hex	filename
  25160	    508	   3452	  29120	   71c0	IHopethatisthefinalversion.elf
'Finished building: IHopethatisthefinalversion.elf.size'
' '
23:17:50 **** Incremental Build of configuration Debug for project IHopethatisthefinalversion ****
make all 
make: Nothing to be done for 'all'.
23:19:16 **** Incremental Build of configuration Debug for project IHopethatisthefinalversion ****
make all 
make: Nothing to be done for 'all'.
23:21:34 **** Auto Build of configuration Debug for project IHopethatisthefinalversion ****
make all 
'Building file: ../src/main.cc'
'Invoking: MicroBlaze g++ compiler'
mb-g++ -Wall -O0 -g3 -c -fmessage-length=0 -MT"src/main.o" -I../../IHopethatisthefinalversion_bsp/microblaze_0/include -mlittle-endian -mcpu=v11.0 -mxl-soft-mul -Wl,--no-relax -ffunction-sections -fdata-sections -MMD -MP -MF"src/main.d" -MT"src/main.o" -o "src/main.o" "../src/main.cc"
'Finished building: ../src/main.cc'
' '
'Building target: IHopethatisthefinalversion.elf'
'Invoking: MicroBlaze g++ linker'
mb-g++ -Wl,-T -Wl,../src/lscript.ld -L../../IHopethatisthefinalversion_bsp/microblaze_0/lib -mlittle-endian -mcpu=v11.0 -mxl-soft-mul -Wl,--no-relax -Wl,--gc-sections -o "IHopethatisthefinalversion.elf"  ./src/KeyboardAdded.o ./src/Rectangle.o ./src/main.o   -Wl,--start-group,-lxil,-lgcc,-lc,-lstdc++,--end-group
'Finished building target: IHopethatisthefinalversion.elf'
' '
'Invoking: MicroBlaze Print Size'
mb-size IHopethatisthefinalversion.elf  |tee "IHopethatisthefinalversion.elf.size"
   text	   data	    bss	    dec	    hex	filename
  25160	    508	   3452	  29120	   71c0	IHopethatisthefinalversion.elf
'Finished building: IHopethatisthefinalversion.elf.size'
' '
23:21:36 **** Incremental Build of configuration Debug for project IHopethatisthefinalversion ****
make all 
make: Nothing to be done for 'all'.
23:22:34 **** Incremental Build of configuration Debug for project IHopethatisthefinalversion ****
make all 
make: Nothing to be done for 'all'.
23:22:54 **** Auto Build of configuration Debug for project IHopethatisthefinalversion ****
make all 
'Building file: ../src/main.cc'
'Invoking: MicroBlaze g++ compiler'
mb-g++ -Wall -O0 -g3 -c -fmessage-length=0 -MT"src/main.o" -I../../IHopethatisthefinalversion_bsp/microblaze_0/include -mlittle-endian -mcpu=v11.0 -mxl-soft-mul -Wl,--no-relax -ffunction-sections -fdata-sections -MMD -MP -MF"src/main.d" -MT"src/main.o" -o "src/main.o" "../src/main.cc"
'Finished building: ../src/main.cc'
' '
'Building target: IHopethatisthefinalversion.elf'
'Invoking: MicroBlaze g++ linker'
mb-g++ -Wl,-T -Wl,../src/lscript.ld -L../../IHopethatisthefinalversion_bsp/microblaze_0/lib -mlittle-endian -mcpu=v11.0 -mxl-soft-mul -Wl,--no-relax -Wl,--gc-sections -o "IHopethatisthefinalversion.elf"  ./src/KeyboardAdded.o ./src/Rectangle.o ./src/main.o   -Wl,--start-group,-lxil,-lgcc,-lc,-lstdc++,--end-group
'Finished building target: IHopethatisthefinalversion.elf'
' '
'Invoking: MicroBlaze Print Size'
mb-size IHopethatisthefinalversion.elf  |tee "IHopethatisthefinalversion.elf.size"
   text	   data	    bss	    dec	    hex	filename
  25160	    508	   3452	  29120	   71c0	IHopethatisthefinalversion.elf
'Finished building: IHopethatisthefinalversion.elf.size'
' '
23:23:04 **** Auto Build of configuration Debug for project IHopethatisthefinalversion ****
make all 
'Building file: ../src/main.cc'
'Invoking: MicroBlaze g++ compiler'
mb-g++ -Wall -O0 -g3 -c -fmessage-length=0 -MT"src/main.o" -I../../IHopethatisthefinalversion_bsp/microblaze_0/include -mlittle-endian -mcpu=v11.0 -mxl-soft-mul -Wl,--no-relax -ffunction-sections -fdata-sections -MMD -MP -MF"src/main.d" -MT"src/main.o" -o "src/main.o" "../src/main.cc"
'Finished building: ../src/main.cc'
' '
'Building target: IHopethatisthefinalversion.elf'
'Invoking: MicroBlaze g++ linker'
mb-g++ -Wl,-T -Wl,../src/lscript.ld -L../../IHopethatisthefinalversion_bsp/microblaze_0/lib -mlittle-endian -mcpu=v11.0 -mxl-soft-mul -Wl,--no-relax -Wl,--gc-sections -o "IHopethatisthefinalversion.elf"  ./src/KeyboardAdded.o ./src/Rectangle.o ./src/main.o   -Wl,--start-group,-lxil,-lgcc,-lc,-lstdc++,--end-group
'Finished building target: IHopethatisthefinalversion.elf'
' '
'Invoking: MicroBlaze Print Size'
mb-size IHopethatisthefinalversion.elf  |tee "IHopethatisthefinalversion.elf.size"
   text	   data	    bss	    dec	    hex	filename
  25152	    508	   3452	  29112	   71b8	IHopethatisthefinalversion.elf
'Finished building: IHopethatisthefinalversion.elf.size'
' '
23:27:08 **** Auto Build of configuration Debug for project IHopethatisthefinalversion ****
make all 
'Building file: ../src/main.cc'
'Invoking: MicroBlaze g++ compiler'
mb-g++ -Wall -O0 -g3 -c -fmessage-length=0 -MT"src/main.o" -I../../IHopethatisthefinalversion_bsp/microblaze_0/include -mlittle-endian -mcpu=v11.0 -mxl-soft-mul -Wl,--no-relax -ffunction-sections -fdata-sections -MMD -MP -MF"src/main.d" -MT"src/main.o" -o "src/main.o" "../src/main.cc"
'Finished building: ../src/main.cc'
' '
'Building target: IHopethatisthefinalversion.elf'
'Invoking: MicroBlaze g++ linker'
mb-g++ -Wl,-T -Wl,../src/lscript.ld -L../../IHopethatisthefinalversion_bsp/microblaze_0/lib -mlittle-endian -mcpu=v11.0 -mxl-soft-mul -Wl,--no-relax -Wl,--gc-sections -o "IHopethatisthefinalversion.elf"  ./src/KeyboardAdded.o ./src/Rectangle.o ./src/main.o   -Wl,--start-group,-lxil,-lgcc,-lc,-lstdc++,--end-group
'Finished building target: IHopethatisthefinalversion.elf'
' '
'Invoking: MicroBlaze Print Size'
mb-size IHopethatisthefinalversion.elf  |tee "IHopethatisthefinalversion.elf.size"
   text	   data	    bss	    dec	    hex	filename
  25148	    508	   3456	  29112	   71b8	IHopethatisthefinalversion.elf
'Finished building: IHopethatisthefinalversion.elf.size'
' '
23:30:13 **** Auto Build of configuration Debug for project IHopethatisthefinalversion ****
make all 
'Building file: ../src/main.cc'
'Invoking: MicroBlaze g++ compiler'
mb-g++ -Wall -O0 -g3 -c -fmessage-length=0 -MT"src/main.o" -I../../IHopethatisthefinalversion_bsp/microblaze_0/include -mlittle-endian -mcpu=v11.0 -mxl-soft-mul -Wl,--no-relax -ffunction-sections -fdata-sections -MMD -MP -MF"src/main.d" -MT"src/main.o" -o "src/main.o" "../src/main.cc"
'Finished building: ../src/main.cc'
' '
'Building target: IHopethatisthefinalversion.elf'
'Invoking: MicroBlaze g++ linker'
mb-g++ -Wl,-T -Wl,../src/lscript.ld -L../../IHopethatisthefinalversion_bsp/microblaze_0/lib -mlittle-endian -mcpu=v11.0 -mxl-soft-mul -Wl,--no-relax -Wl,--gc-sections -o "IHopethatisthefinalversion.elf"  ./src/KeyboardAdded.o ./src/Rectangle.o ./src/main.o   -Wl,--start-group,-lxil,-lgcc,-lc,-lstdc++,--end-group
'Finished building target: IHopethatisthefinalversion.elf'
' '
'Invoking: MicroBlaze Print Size'
mb-size IHopethatisthefinalversion.elf  |tee "IHopethatisthefinalversion.elf.size"
   text	   data	    bss	    dec	    hex	filename
  25148	    508	   3456	  29112	   71b8	IHopethatisthefinalversion.elf
'Finished building: IHopethatisthefinalversion.elf.size'
' '
23:30:14 **** Incremental Build of configuration Debug for project IHopethatisthefinalversion ****
make all 
make: Nothing to be done for 'all'.
23:35:33 **** Incremental Build of configuration Debug for project IHopethatisthefinalversion ****
make all 
make: Nothing to be done for 'all'.
23:40:14 **** Auto Build of configuration Debug for project IHopethatisthefinalversion ****
make all 
'Building file: ../src/main.cc'
'Invoking: MicroBlaze g++ compiler'
mb-g++ -Wall -O0 -g3 -c -fmessage-length=0 -MT"src/main.o" -I../../IHopethatisthefinalversion_bsp/microblaze_0/include -mlittle-endian -mcpu=v11.0 -mxl-soft-mul -Wl,--no-relax -ffunction-sections -fdata-sections -MMD -MP -MF"src/main.d" -MT"src/main.o" -o "src/main.o" "../src/main.cc"
'Finished building: ../src/main.cc'
' '
'Building target: IHopethatisthefinalversion.elf'
'Invoking: MicroBlaze g++ linker'
mb-g++ -Wl,-T -Wl,../src/lscript.ld -L../../IHopethatisthefinalversion_bsp/microblaze_0/lib -mlittle-endian -mcpu=v11.0 -mxl-soft-mul -Wl,--no-relax -Wl,--gc-sections -o "IHopethatisthefinalversion.elf"  ./src/KeyboardAdded.o ./src/Rectangle.o ./src/main.o   -Wl,--start-group,-lxil,-lgcc,-lc,-lstdc++,--end-group
'Finished building target: IHopethatisthefinalversion.elf'
' '
'Invoking: MicroBlaze Print Size'
mb-size IHopethatisthefinalversion.elf  |tee "IHopethatisthefinalversion.elf.size"
   text	   data	    bss	    dec	    hex	filename
  25420	    508	   3456	  29384	   72c8	IHopethatisthefinalversion.elf
'Finished building: IHopethatisthefinalversion.elf.size'
' '
23:40:18 **** Incremental Build of configuration Debug for project IHopethatisthefinalversion ****
make all 
make: Nothing to be done for 'all'.
23:40:41 **** Incremental Build of configuration Debug for project IHopethatisthefinalversion ****
make all 
make: Nothing to be done for 'all'.
23:41:38 **** Auto Build of configuration Debug for project IHopethatisthefinalversion ****
make all 
'Building file: ../src/main.cc'
'Invoking: MicroBlaze g++ compiler'
mb-g++ -Wall -O0 -g3 -c -fmessage-length=0 -MT"src/main.o" -I../../IHopethatisthefinalversion_bsp/microblaze_0/include -mlittle-endian -mcpu=v11.0 -mxl-soft-mul -Wl,--no-relax -ffunction-sections -fdata-sections -MMD -MP -MF"src/main.d" -MT"src/main.o" -o "src/main.o" "../src/main.cc"
'Finished building: ../src/main.cc'
' '
'Building target: IHopethatisthefinalversion.elf'
'Invoking: MicroBlaze g++ linker'
mb-g++ -Wl,-T -Wl,../src/lscript.ld -L../../IHopethatisthefinalversion_bsp/microblaze_0/lib -mlittle-endian -mcpu=v11.0 -mxl-soft-mul -Wl,--no-relax -Wl,--gc-sections -o "IHopethatisthefinalversion.elf"  ./src/KeyboardAdded.o ./src/Rectangle.o ./src/main.o   -Wl,--start-group,-lxil,-lgcc,-lc,-lstdc++,--end-group
'Finished building target: IHopethatisthefinalversion.elf'
' '
'Invoking: MicroBlaze Print Size'
mb-size IHopethatisthefinalversion.elf  |tee "IHopethatisthefinalversion.elf.size"
   text	   data	    bss	    dec	    hex	filename
  25420	    508	   3456	  29384	   72c8	IHopethatisthefinalversion.elf
'Finished building: IHopethatisthefinalversion.elf.size'
' '
23:41:39 **** Incremental Build of configuration Debug for project IHopethatisthefinalversion ****
make all 
make: Nothing to be done for 'all'.
23:42:04 **** Auto Build of configuration Debug for project IHopethatisthefinalversion ****
make all 
'Building file: ../src/main.cc'
'Invoking: MicroBlaze g++ compiler'
mb-g++ -Wall -O0 -g3 -c -fmessage-length=0 -MT"src/main.o" -I../../IHopethatisthefinalversion_bsp/microblaze_0/include -mlittle-endian -mcpu=v11.0 -mxl-soft-mul -Wl,--no-relax -ffunction-sections -fdata-sections -MMD -MP -MF"src/main.d" -MT"src/main.o" -o "src/main.o" "../src/main.cc"
'Finished building: ../src/main.cc'
' '
'Building target: IHopethatisthefinalversion.elf'
'Invoking: MicroBlaze g++ linker'
mb-g++ -Wl,-T -Wl,../src/lscript.ld -L../../IHopethatisthefinalversion_bsp/microblaze_0/lib -mlittle-endian -mcpu=v11.0 -mxl-soft-mul -Wl,--no-relax -Wl,--gc-sections -o "IHopethatisthefinalversion.elf"  ./src/KeyboardAdded.o ./src/Rectangle.o ./src/main.o   -Wl,--start-group,-lxil,-lgcc,-lc,-lstdc++,--end-group
'Finished building target: IHopethatisthefinalversion.elf'
' '
'Invoking: MicroBlaze Print Size'
mb-size IHopethatisthefinalversion.elf  |tee "IHopethatisthefinalversion.elf.size"
   text	   data	    bss	    dec	    hex	filename
  25420	    508	   3456	  29384	   72c8	IHopethatisthefinalversion.elf
'Finished building: IHopethatisthefinalversion.elf.size'
' '
23:42:06 **** Incremental Build of configuration Debug for project IHopethatisthefinalversion ****
make all 
make: Nothing to be done for 'all'.
23:42:21 **** Auto Build of configuration Debug for project IHopethatisthefinalversion ****
make all 
'Building file: ../src/Rectangle.cc'
'Invoking: MicroBlaze g++ compiler'
mb-g++ -Wall -O0 -g3 -c -fmessage-length=0 -MT"src/Rectangle.o" -I../../IHopethatisthefinalversion_bsp/microblaze_0/include -mlittle-endian -mcpu=v11.0 -mxl-soft-mul -Wl,--no-relax -ffunction-sections -fdata-sections -MMD -MP -MF"src/Rectangle.d" -MT"src/Rectangle.o" -o "src/Rectangle.o" "../src/Rectangle.cc"
'Finished building: ../src/Rectangle.cc'
' '
'Building file: ../src/main.cc'
'Invoking: MicroBlaze g++ compiler'
mb-g++ -Wall -O0 -g3 -c -fmessage-length=0 -MT"src/main.o" -I../../IHopethatisthefinalversion_bsp/microblaze_0/include -mlittle-endian -mcpu=v11.0 -mxl-soft-mul -Wl,--no-relax -ffunction-sections -fdata-sections -MMD -MP -MF"src/main.d" -MT"src/main.o" -o "src/main.o" "../src/main.cc"
'Finished building: ../src/main.cc'
' '
'Building target: IHopethatisthefinalversion.elf'
'Invoking: MicroBlaze g++ linker'
mb-g++ -Wl,-T -Wl,../src/lscript.ld -L../../IHopethatisthefinalversion_bsp/microblaze_0/lib -mlittle-endian -mcpu=v11.0 -mxl-soft-mul -Wl,--no-relax -Wl,--gc-sections -o "IHopethatisthefinalversion.elf"  ./src/KeyboardAdded.o ./src/Rectangle.o ./src/main.o   -Wl,--start-group,-lxil,-lgcc,-lc,-lstdc++,--end-group
'Finished building target: IHopethatisthefinalversion.elf'
' '
'Invoking: MicroBlaze Print Size'
mb-size IHopethatisthefinalversion.elf  |tee "IHopethatisthefinalversion.elf.size"
   text	   data	    bss	    dec	    hex	filename
  25420	    508	   3456	  29384	   72c8	IHopethatisthefinalversion.elf
'Finished building: IHopethatisthefinalversion.elf.size'
' '
23:42:22 **** Incremental Build of configuration Debug for project IHopethatisthefinalversion ****
make all 
make: Nothing to be done for 'all'.
23:43:56 **** Incremental Build of configuration Debug for project IHopethatisthefinalversion ****
make all 
make: Nothing to be done for 'all'.
