#-----------------------------------------------------------
# updatemem v2018.3 (64-bit)
# SW Build 2405991 on Thu Dec  6 23:38:27 MST 2018
# 
# Start of session at: Thu Sep  5 22:17:20 2019
# Process ID: 6948
# Current directory: C:/Users/dom/Desktop/Nowecos1/Nowe_coS/project_1
# Command line: updatemem.exe -mode batch -source C:/Xilinx/SDK/2018.3/scripts/updatemem/main.tcl -notrace -tclargs -meminfo C:/Users/dom/Desktop/Nowecos1/Nowe_coS/project_1/project_1.sdk/system_wrapper_hw_platform_0/system_wrapper.mmi -data C:/Xilinx/SDK/2018.3/data/embeddedsw/lib/microblaze/mb_bootloop_le.elf -proc system_i/microblaze_0 -bit C:/Users/dom/Desktop/Nowecos1/Nowe_coS/project_1/project_1.sdk/system_wrapper_hw_platform_0/system_wrapper.bit -out C:/Users/dom/Desktop/Nowecos1/Nowe_coS/project_1/project_1.sdk/system_wrapper_hw_platform_0/download.bit -force
# Log file: C:/Users/dom/Desktop/Nowecos1/Nowe_coS/project_1/updatemem.log
# Journal file: C:/Users/dom/Desktop/Nowecos1/Nowe_coS/project_1\updatemem.jou
#-----------------------------------------------------------
source C:/Xilinx/SDK/2018.3/scripts/updatemem/main.tcl -notrace
